Component: Arm Compiler for Embedded 6.22 Tool: armlink [5ee90200]

==============================================================================

Section Cross References

    startup_stm32h743xx.o(STACK) refers (Special) to heapauxi.o(.text) for __use_two_region_memory
    startup_stm32h743xx.o(HEAP) refers (Special) to heapauxi.o(.text) for __use_two_region_memory
    startup_stm32h743xx.o(RESET) refers (Special) to heapauxi.o(.text) for __use_two_region_memory
    startup_stm32h743xx.o(RESET) refers to startup_stm32h743xx.o(STACK) for __initial_sp
    startup_stm32h743xx.o(RESET) refers to startup_stm32h743xx.o(.text) for Reset_Handler
    startup_stm32h743xx.o(RESET) refers to stm32h7xx_it.o(.text.NMI_Handler) for NMI_Handler
    startup_stm32h743xx.o(RESET) refers to stm32h7xx_it.o(.text.HardFault_Handler) for HardFault_Handler
    startup_stm32h743xx.o(RESET) refers to stm32h7xx_it.o(.text.MemManage_Handler) for MemManage_Handler
    startup_stm32h743xx.o(RESET) refers to stm32h7xx_it.o(.text.BusFault_Handler) for BusFault_Handler
    startup_stm32h743xx.o(RESET) refers to stm32h7xx_it.o(.text.UsageFault_Handler) for UsageFault_Handler
    startup_stm32h743xx.o(RESET) refers to stm32h7xx_it.o(.text.SVC_Handler) for SVC_Handler
    startup_stm32h743xx.o(RESET) refers to stm32h7xx_it.o(.text.DebugMon_Handler) for DebugMon_Handler
    startup_stm32h743xx.o(RESET) refers to stm32h7xx_it.o(.text.PendSV_Handler) for PendSV_Handler
    startup_stm32h743xx.o(RESET) refers to stm32h7xx_it.o(.text.SysTick_Handler) for SysTick_Handler
    startup_stm32h743xx.o(RESET) refers to stm32h7xx_it.o(.text.PVD_AVD_IRQHandler) for PVD_AVD_IRQHandler
    startup_stm32h743xx.o(RESET) refers to stm32h7xx_it.o(.text.DMA1_Stream0_IRQHandler) for DMA1_Stream0_IRQHandler
    startup_stm32h743xx.o(RESET) refers to usart.o(.text.USART1_IRQHandler) for USART1_IRQHandler
    startup_stm32h743xx.o(RESET) refers to stm32h7xx_it.o(.text.EXTI15_10_IRQHandler) for EXTI15_10_IRQHandler
    startup_stm32h743xx.o(.text) refers (Special) to heapauxi.o(.text) for __use_two_region_memory
    startup_stm32h743xx.o(.text) refers to system_stm32h7xx.o(.text.ExitRun0Mode) for ExitRun0Mode
    startup_stm32h743xx.o(.text) refers to system_stm32h7xx.o(.text.SystemInit) for SystemInit
    startup_stm32h743xx.o(.text) refers to fmc.o(.text.SystemInit_ExtMemCtl) for SystemInit_ExtMemCtl
    startup_stm32h743xx.o(.text) refers to __main.o(!!!main) for __main
    startup_stm32h743xx.o(.text) refers to startup_stm32h743xx.o(HEAP) for Heap_Mem
    startup_stm32h743xx.o(.text) refers to startup_stm32h743xx.o(STACK) for Stack_Mem
    main.o(.text.key_getnum) refers to stm32h7xx_hal_gpio.o(.text.HAL_GPIO_ReadPin) for HAL_GPIO_ReadPin
    main.o(.text.key_getnum) refers to stm32h7xx_hal.o(.text.HAL_Delay) for HAL_Delay
    main.o(.ARM.exidx.text.key_getnum) refers to main.o(.text.key_getnum) for [Anonymous Symbol]
    main.o(.text.main) refers to stm32h7xx_hal_cortex.o(.text.HAL_MPU_Disable) for HAL_MPU_Disable
    main.o(.text.main) refers to stm32h7xx_hal_cortex.o(.text.HAL_MPU_ConfigRegion) for HAL_MPU_ConfigRegion
    main.o(.text.main) refers to stm32h7xx_hal_cortex.o(.text.HAL_MPU_Enable) for HAL_MPU_Enable
    main.o(.text.main) refers to stm32h7xx_hal.o(.text.HAL_Init) for HAL_Init
    main.o(.text.main) refers to main.o(.text.SystemClock_Config) for SystemClock_Config
    main.o(.text.main) refers to rt_memclr_w.o(.text) for __aeabi_memclr8
    main.o(.text.main) refers to stm32h7xx_hal_rcc_ex.o(.text.HAL_RCCEx_PeriphCLKConfig) for HAL_RCCEx_PeriphCLKConfig
    main.o(.text.main) refers to gpio.o(.text.MX_GPIO_Init) for MX_GPIO_Init
    main.o(.text.main) refers to dma.o(.text.MX_DMA_Init) for MX_DMA_Init
    main.o(.text.main) refers to usart.o(.text.MX_USART1_UART_Init) for MX_USART1_UART_Init
    main.o(.text.main) refers to adc.o(.text.MX_ADC1_Init) for MX_ADC1_Init
    main.o(.text.main) refers to i2c.o(.text.MX_I2C1_Init) for MX_I2C1_Init
    main.o(.text.main) refers to fmc.o(.text.MX_FMC_Init) for MX_FMC_Init
    main.o(.text.main) refers to si5351.o(.text.simply409_6khz) for simply409_6khz
    main.o(.text.main) refers to bsp_adc.o(.text.adc_init) for adc_init
    main.o(.text.main) refers to usart.o(.bss..L_MergedGlobals) for USART_RX_STA
    main.o(.ARM.exidx.text.main) refers to main.o(.text.main) for [Anonymous Symbol]
    main.o(.text.SystemClock_Config) refers to rt_memclr_w.o(.text) for __aeabi_memclr4
    main.o(.text.SystemClock_Config) refers to stm32h7xx_hal_pwr_ex.o(.text.HAL_PWREx_ConfigSupply) for HAL_PWREx_ConfigSupply
    main.o(.text.SystemClock_Config) refers to stm32h7xx_hal_rcc.o(.text.HAL_RCC_OscConfig) for HAL_RCC_OscConfig
    main.o(.text.SystemClock_Config) refers to stm32h7xx_hal_rcc.o(.text.HAL_RCC_ClockConfig) for HAL_RCC_ClockConfig
    main.o(.ARM.exidx.text.SystemClock_Config) refers to main.o(.text.SystemClock_Config) for [Anonymous Symbol]
[...]
    [Anonymous Symbol]                       0x08007728   Section        0  fmc.o(.text.SDRAM_Initialization_Sequence)
    [Anonymous Symbol]                       0x080077e8   Section        0  stm32h7xx_it.o(.text.SVC_Handler)
    [Anonymous Symbol]                       0x080077f0   Section        0  stm32h7xx_it.o(.text.SysTick_Handler)
    [Anonymous Symbol]                       0x080077f8   Section        0  main.o(.text.SystemClock_Config)
    [Anonymous Symbol]                       0x080078d8   Section        0  system_stm32h7xx.o(.text.SystemInit)
    [Anonymous Symbol]                       0x080079c8   Section        0  fmc.o(.text.SystemInit_ExtMemCtl)
    [Anonymous Symbol]                       0x08007b00   Section        0  stm32h7xx_hal_uart.o(.text.UART_AdvFeatureConfig)
    [Anonymous Symbol]                       0x08007be0   Section        0  stm32h7xx_hal_uart.o(.text.UART_CheckIdleState)
    UART_DMAAbortOnError                     0x08007d51   Thumb Code    12  stm32h7xx_hal_uart.o(.text.UART_DMAAbortOnError)
    [Anonymous Symbol]                       0x08007d50   Section        0  stm32h7xx_hal_uart.o(.text.UART_DMAAbortOnError)
    UART_RxISR_16BIT                         0x08007d61   Thumb Code   452  stm32h7xx_hal_uart.o(.text.UART_RxISR_16BIT)
    [Anonymous Symbol]                       0x08007d60   Section        0  stm32h7xx_hal_uart.o(.text.UART_RxISR_16BIT)
    UART_RxISR_16BIT_FIFOEN                  0x08007f29   Thumb Code   826  stm32h7xx_hal_uart.o(.text.UART_RxISR_16BIT_FIFOEN)
    [Anonymous Symbol]                       0x08007f28   Section        0  stm32h7xx_hal_uart.o(.text.UART_RxISR_16BIT_FIFOEN)
    UART_RxISR_8BIT                          0x08008269   Thumb Code   456  stm32h7xx_hal_uart.o(.text.UART_RxISR_8BIT)
    [Anonymous Symbol]                       0x08008268   Section        0  stm32h7xx_hal_uart.o(.text.UART_RxISR_8BIT)
    UART_RxISR_8BIT_FIFOEN                   0x08008431   Thumb Code   830  stm32h7xx_hal_uart.o(.text.UART_RxISR_8BIT_FIFOEN)
    [Anonymous Symbol]                       0x08008430   Section        0  stm32h7xx_hal_uart.o(.text.UART_RxISR_8BIT_FIFOEN)
    [Anonymous Symbol]                       0x08008770   Section        0  stm32h7xx_hal_uart.o(.text.UART_SetConfig)
    [Anonymous Symbol]                       0x08008bf8   Section        0  stm32h7xx_hal_uart.o(.text.UART_Start_Receive_IT)
    [Anonymous Symbol]                       0x08008e70   Section        0  stm32h7xx_hal_uart.o(.text.UART_WaitOnFlagUntilTimeout)
    [Anonymous Symbol]                       0x080091c8   Section        0  usart.o(.text.USART1_IRQHandler)
    [Anonymous Symbol]                       0x08009220   Section        0  stm32h7xx_it.o(.text.UsageFault_Handler)
    [Anonymous Symbol]                       0x08009228   Section        0  usart.o(.text._sys_exit)
    [Anonymous Symbol]                       0x08009230   Section        0  bsp_adc.o(.text.adc_init)
    [Anonymous Symbol]                       0x08009268   Section        0  main.o(.text.main)
    [Anonymous Symbol]                       0x08009520   Section        0  si5351.o(.text.simply409_6khz)
    CL$$btod_d2e                             0x08009562   Section       62  btod.o(CL$$btod_d2e)
    CL$$btod_d2e_denorm_low                  0x080095a0   Section       70  btod.o(CL$$btod_d2e_denorm_low)
    CL$$btod_d2e_norm_op1                    0x080095e6   Section       96  btod.o(CL$$btod_d2e_norm_op1)
    CL$$btod_div_common                      0x08009648   Section      824  btod.o(CL$$btod_div_common)
    CL$$btod_e2e                             0x08009980   Section      220  btod.o(CL$$btod_e2e)
    CL$$btod_ediv                            0x08009a5c   Section       42  btod.o(CL$$btod_ediv)
    CL$$btod_emul                            0x08009a86   Section       42  btod.o(CL$$btod_emul)
    CL$$btod_mult_common                     0x08009ab0   Section      580  btod.o(CL$$btod_mult_common)
    i.__ARM_fpclassify                       0x08009cf4   Section        0  fpclassify.o(i.__ARM_fpclassify)
    locale$$code                             0x08009d24   Section       44  lc_numeric_c.o(locale$$code)
    $v0                                      0x08009d50   Number         0  fpinit.o(x$fpl$fpinit)
    x$fpl$fpinit                             0x08009d50   Section       26  fpinit.o(x$fpl$fpinit)
    $v0                                      0x08009d6a   Number         0  printf1.o(x$fpl$printf1)
    x$fpl$printf1                            0x08009d6a   Section        4  printf1.o(x$fpl$printf1)
    x$fpl$usenofp                            0x08009d6e   Section        0  usenofp.o(x$fpl$usenofp)
    tenpwrs_x                                0x08009d70   Data          60  bigflt0.o(.constdata)
    .constdata                               0x08009d70   Section      148  bigflt0.o(.constdata)
    tenpwrs_i                                0x08009dac   Data          64  bigflt0.o(.constdata)
    .Lswitch.table.UART_SetConfig.5          0x08009e04   Data           6  stm32h7xx_hal_uart.o(.rodata..Lswitch.table.UART_SetConfig.5)
    .Lswitch.table.UART_SetConfig.7          0x08009e0a   Data           6  stm32h7xx_hal_uart.o(.rodata..Lswitch.table.UART_SetConfig.7)
    UARTEx_SetNbDataToProcess.numerator      0x08009e38   Data           8  stm32h7xx_hal_uart_ex.o(.rodata.cst8)
    [Anonymous Symbol]                       0x08009e38   Section        0  stm32h7xx_hal_uart_ex.o(.rodata.cst8)
    UARTEx_SetNbDataToProcess.denominator    0x08009e40   Data           8  stm32h7xx_hal_uart_ex.o(.rodata.cst8)
    locale$$data                             0x08009fd0   Section       28  lc_numeric_c.o(locale$$data)
    __lcnum_c_name                           0x08009fd4   Data           2  lc_numeric_c.o(locale$$data)
    __lcnum_c_start                          0x08009fdc   Data           0  lc_numeric_c.o(locale$$data)
    __lcnum_c_point                          0x08009fe8   Data           0  lc_numeric_c.o(locale$$data)
    __lcnum_c_thousands                      0x08009fea   Data           0  lc_numeric_c.o(locale$$data)
    __lcnum_c_grouping                       0x08009feb   Data           0  lc_numeric_c.o(locale$$data)
    __lcnum_c_end                            0x08009fec   Data           0  lc_numeric_c.o(locale$$data)
    .L_MergedGlobals                         0x24000000   Data           8  stm32h7xx_hal.o(.data..L_MergedGlobals)
    [Anonymous Symbol]                       0x24000000   Section        0  stm32h7xx_hal.o(.data..L_MergedGlobals)
    .L_MergedGlobals                         0x24000008   Data           8  system_stm32h7xx.o(.data..L_MergedGlobals)
    [Anonymous Symbol]                       0x24000008   Section        0  system_stm32h7xx.o(.data..L_MergedGlobals)
    .bss                                     0x24000010   Section       96  libspace.o(.bss)
    .L_MergedGlobals                         0x24000070   Data          68  fmc.o(.bss..L_MergedGlobals)
    [Anonymous Symbol]                       0x24000070   Section        0  fmc.o(.bss..L_MergedGlobals)
    .L_MergedGlobals                         0x240000b4   Data           4  usart.o(.bss..L_MergedGlobals)
    [Anonymous Symbol]                       0x240000b4   Section        0  usart.o(.bss..L_MergedGlobals)
    FMC_Initialized                          0x240000b8   Data           1  fmc.o(.bss.FMC_Initialized)
    [Anonymous Symbol]                       0x240000b8   Section        0  fmc.o(.bss.FMC_Initialized)
    Heap_Mem                                 0x24000350   Data         512  startup_stm32h743xx.o(HEAP)
    HEAP                                     0x24000350   Section      512  startup_stm32h743xx.o(HEAP)
    Stack_Mem                                0x24000550   Data        1024  startup_stm32h743xx.o(STACK)
    STACK                                    0x24000550   Section     1024  startup_stm32h743xx.o(STACK)
    __initial_sp                             0x24000950   Data           0  startup_stm32h743xx.o(STACK)

    Global Symbols

    Symbol Name                              Value     Ov Type        Size  Object(Section)

    BuildAttributes$$THM_ISAv4$E$P$D$K$B$S$7EM$VFPv5_D16$PE$PLD8$A:L22UL41UL21$X:L11$S22US41US21$IEEE1$IW$~IW$USESV6$~STKCKD$USESV7$~SHL$OTIME$ROPI$IEEEX$EBA8$UX$STANDARDLIB$REQ8$PRES8$EABIv2 0x00000000   Number         0  anon$$obj.o ABSOLUTE
    _printf_flags                            0x00000000   Number         0  printf_stubs.o ABSOLUTE
    _printf_return_value                     0x00000000   Number         0  printf_stubs.o ABSOLUTE
    _printf_sizespec                         0x00000000   Number         0  printf_stubs.o ABSOLUTE
    _printf_widthprec                        0x00000000   Number         0  printf_stubs.o ABSOLUTE
    __ARM_exceptions_init                     - Undefined Weak Reference
    __alloca_initialize                       - Undefined Weak Reference
    __arm_preinit_                            - Undefined Weak Reference
    __arm_relocate_pie_                       - Undefined Weak Reference
    __cpp_initialize__aeabi_                  - Undefined Weak Reference
    __cxa_finalize                            - Undefined Weak Reference
    __sigvec_lookup                           - Undefined Weak Reference
    __user_heap_extent                        - Undefined Weak Reference
    _atexit_init                              - Undefined Weak Reference
    _call_atexit_fns                          - Undefined Weak Reference
    _clock_init                               - Undefined Weak Reference
    _fp_trap_init                             - Undefined Weak Reference
    _fp_trap_shutdown                         - Undefined Weak Reference
    _get_lc_collate                           - Undefined Weak Reference
    _get_lc_ctype                             - Undefined Weak Reference
    _get_lc_monetary                          - Undefined Weak Reference
    _get_lc_time                              - Undefined Weak Reference
    _getenv_init                              - Undefined Weak Reference
    _handle_redirection                       - Undefined Weak Reference
    _initio                                   - Undefined Weak Reference
    _mutex_acquire                            - Undefined Weak Reference
    _mutex_free                               - Undefined Weak Reference
    _mutex_release                            - Undefined Weak Reference
    _printf_post_padding                      - Undefined Weak Reference
    _printf_pre_padding                       - Undefined Weak Reference
    _printf_truncate_signed                   - Undefined Weak Reference
    _printf_truncate_unsigned                 - Undefined Weak Reference
    _signal_finish                            - Undefined Weak Reference
    _signal_init                              - Undefined Weak Reference
    _terminateio                              - Undefined Weak Reference
    __Vectors_Size                           0x00000298   Number         0  startup_stm32h743xx.o ABSOLUTE
    __Vectors                                0x08000000   Data           4  startup_stm32h743xx.o(RESET)
    __Vectors_End                            0x08000298   Data           0  startup_stm32h743xx.o(RESET)
    __main                                   0x08000299   Thumb Code     8  __main.o(!!!main)
    __scatterload                            0x080002a1   Thumb Code     0  __scatter.o(!!!scatter)
    __scatterload_rt2                        0x080002a1   Thumb Code    84  __scatter.o(!!!scatter)
    __scatterload_rt2_thumb_only             0x080002a1   Thumb Code     0  __scatter.o(!!!scatter)
    __scatterload_loop                       0x080002ab   Thumb Code     0  __scatter.o(!!!scatter)
    __decompress                             0x080002fd   Thumb Code    58  __dczerorl.o(!!dczerorl)
    __decompress0                            0x080002fd   Thumb Code     0  __dczerorl.o(!!dczerorl)
    __scatterload_copy                       0x08000339   Thumb Code    26  __scatter_copy.o(!!handler_copy)
    __scatterload_null                       0x08000355   Thumb Code     2  __scatter.o(!!handler_null)
    __scatterload_zeroinit                   0x08000359   Thumb Code    28  __scatter_zi.o(!!handler_zi)
    _printf_f                                0x08000375   Thumb Code     0  _printf_f.o(.ARM.Collect$$_printf_percent$$00000003)
    _printf_percent                          0x08000375   Thumb Code     0  _printf_percent.o(.ARM.Collect$$_printf_percent$$00000000)
    _printf_d                                0x0800037b   Thumb Code     0  _printf_d.o(.ARM.Collect$$_printf_percent$$00000009)
    _printf_percent_end                      0x08000381   Thumb Code     0  _printf_percent_end.o(.ARM.Collect$$_printf_percent$$00000017)
    __rt_lib_init                            0x08000385   Thumb Code     0  libinit.o(.ARM.Collect$$libinit$$00000000)
    __rt_lib_init_fp_1                       0x08000387   Thumb Code     0  libinit2.o(.ARM.Collect$$libinit$$00000001)
    __rt_lib_init_heap_1                     0x0800038b   Thumb Code     0  libinit2.o(.ARM.Collect$$libinit$$0000000C)
    __rt_lib_init_lc_common                  0x0800038b   Thumb Code     0  libinit2.o(.ARM.Collect$$libinit$$00000011)
    __rt_lib_init_preinit_1                  0x0800038b   Thumb Code     0  libinit2.o(.ARM.Collect$$libinit$$00000006)
    __rt_lib_init_rand_1                     0x0800038b   Thumb Code     0  libinit2.o(.ARM.Collect$$libinit$$00000010)
    __rt_lib_init_relocate_pie_1             0x0800038b   Thumb Code     0  libinit2.o(.ARM.Collect$$libinit$$00000004)
    __rt_lib_init_user_alloc_1               0x0800038b   Thumb Code     0  libinit2.o(.ARM.Collect$$libinit$$0000000E)
    __rt_lib_init_lc_collate_1               0x08000391   Thumb Code     0  libinit2.o(.ARM.Collect$$libinit$$00000013)
    __rt_lib_init_lc_ctype_1                 0x08000391   Thumb Code     0  libinit2.o(.ARM.Collect$$libinit$$00000015)
    __rt_lib_init_lc_monetary_1              0x08000391   Thumb Code     0  libinit2.o(.ARM.Collect$$libinit$$00000017)
    __rt_lib_init_lc_numeric_2               0x08000391   Thumb Code     0  libinit2.o(.ARM.Collect$$libinit$$00000018)
    __rt_lib_init_alloca_1                   0x0800039b   Thumb Code     0  libinit2.o(.ARM.Collect$$libinit$$00000030)
    __rt_lib_init_argv_1                     0x0800039b   Thumb Code     0  libinit2.o(.ARM.Collect$$libinit$$0000002E)
    __rt_lib_init_atexit_1                   0x0800039b   Thumb Code     0  libinit2.o(.ARM.Collect$$libinit$$0000001D)
    __rt_lib_init_clock_1                    0x0800039b   Thumb Code     0  libinit2.o(.ARM.Collect$$libinit$$00000023)
    __rt_lib_init_cpp_1                      0x0800039b   Thumb Code     0  libinit2.o(.ARM.Collect$$libinit$$00000034)
    __rt_lib_init_exceptions_1               0x0800039b   Thumb Code     0  libinit2.o(.ARM.Collect$$libinit$$00000032)
    __rt_lib_init_fp_trap_1                  0x0800039b   Thumb Code     0  libinit2.o(.ARM.Collect$$libinit$$00000021)
    __rt_lib_init_getenv_1                   0x0800039b   Thumb Code     0  libinit2.o(.ARM.Collect$$libinit$$00000025)
    __rt_lib_init_lc_numeric_1               0x0800039b   Thumb Code     0  libinit2.o(.ARM.Collect$$libinit$$00000019)
    __rt_lib_init_lc_time_1                  0x0800039b   Thumb Code     0  libinit2.o(.ARM.Collect$$libinit$$0000001B)
    __rt_lib_init_return                     0x0800039b   Thumb Code     0  libinit2.o(.ARM.Collect$$libinit$$00000035)
    __rt_lib_init_signal_1                   0x0800039b   Thumb Code     0  libinit2.o(.ARM.Collect$$libinit$$0000001F)
    __rt_lib_init_stdio_1                    0x0800039b   Thumb Code     0  libinit2.o(.ARM.Collect$$libinit$$00000027)
    __rt_lib_shutdown                        0x0800039d   Thumb Code     0  libshutdown.o(.ARM.Collect$$libshutdown$$00000000)
    __rt_lib_shutdown_cpp_1                  0x0800039f   Thumb Code     0  libshutdown2.o(.ARM.Collect$$libshutdown$$00000002)
    __rt_lib_shutdown_fp_trap_1              0x0800039f   Thumb Code     0  libshutdown2.o(.ARM.Collect$$libshutdown$$00000007)
    __rt_lib_shutdown_heap_1                 0x0800039f   Thumb Code     0  libshutdown2.o(.ARM.Collect$$libshutdown$$0000000F)
    __rt_lib_shutdown_return                 0x0800039f   Thumb Code     0  libshutdown2.o(.ARM.Collect$$libshutdown$$00000010)
    __rt_lib_shutdown_signal_1               0x0800039f   Thumb Code     0  libshutdown2.o(.ARM.Collect$$libshutdown$$0000000A)
    __rt_lib_shutdown_stdio_1                0x0800039f   Thumb Code     0  libshutdown2.o(.ARM.Collect$$libshutdown$$00000004)
    __rt_lib_shutdown_user_alloc_1           0x0800039f   Thumb Code     0  libshutdown2.o(.ARM.Collect$$libshutdown$$0000000C)
    __rt_entry                               0x080003a1   Thumb Code     0  __rtentry.o(.ARM.Collect$$rtentry$$00000000)
    __rt_entry_presh_1                       0x080003a1   Thumb Code     0  __rtentry2.o(.ARM.Collect$$rtentry$$00000002)
    __rt_entry_sh                            0x080003a1   Thumb Code     0  __rtentry4.o(.ARM.Collect$$rtentry$$00000004)
    __rt_entry_li                            0x080003a7   Thumb Code     0  __rtentry2.o(.ARM.Collect$$rtentry$$0000000A)
    __rt_entry_postsh_1                      0x080003a7   Thumb Code     0  __rtentry2.o(.ARM.Collect$$rtentry$$00000009)
    __rt_entry_main                          0x080003ab   Thumb Code     0  __rtentry2.o(.ARM.Collect$$rtentry$$0000000D)
    __rt_entry_postli_1                      0x080003ab   Thumb Code     0  __rtentry2.o(.ARM.Collect$$rtentry$$0000000C)
    __rt_exit                                0x080003b3   Thumb Code     0  rtexit.o(.ARM.Collect$$rtexit$$00000000)
    __rt_exit_ls                             0x080003b5   Thumb Code     0  rtexit2.o(.ARM.Collect$$rtexit$$00000003)
    __rt_exit_prels_1                        0x080003b5   Thumb Code     0  rtexit2.o(.ARM.Collect$$rtexit$$00000002)
    __rt_exit_exit                           0x080003b9   Thumb Code     0  rtexit2.o(.ARM.Collect$$rtexit$$00000004)
    Reset_Handler                            0x080003c1   Thumb Code    16  startup_stm32h743xx.o(.text)
    ADC3_IRQHandler                          0x080003e3   Thumb Code     0  startup_stm32h743xx.o(.text)
    ADC_IRQHandler                           0x080003e3   Thumb Code     0  startup_stm32h743xx.o(.text)
    BDMA_Channel0_IRQHandler                 0x080003e3   Thumb Code     0  startup_stm32h743xx.o(.text)
    BDMA_Channel1_IRQHandler                 0x080003e3   Thumb Code     0  startup_stm32h743xx.o(.text)
    BDMA_Channel2_IRQHandler                 0x080003e3   Thumb Code     0  startup_stm32h743xx.o(.text)
    BDMA_Channel3_IRQHandler                 0x080003e3   Thumb Code     0  startup_stm32h743xx.o(.text)
    BDMA_Channel4_IRQHandler                 0x080003e3   Thumb Code     0  startup_stm32h743xx.o(.text)
    BDMA_Channel5_IRQHandler                 0x080003e3   Thumb Code     0  startup_stm32h743xx.o(.text)
    BDMA_Channel6_IRQHandler                 0x080003e3   Thumb Code     0  startup_stm32h743xx.o(.text)
    BDMA_Channel7_IRQHandler                 0x080003e3   Thumb Code     0  startup_stm32h743xx.o(.text)
    CEC_IRQHandler                           0x080003e3   Thumb Code     0  startup_stm32h743xx.o(.text)
    COMP1_IRQHandler                         0x080003e3   Thumb Code     0  startup_stm32h743xx.o(.text)
    CRS_IRQHandler                           0x080003e3   Thumb Code     0  startup_stm32h743xx.o(.text)
    DCMI_IRQHandler                          0x080003e3   Thumb Code     0  startup_stm32h743xx.o(.text)
    DFSDM1_FLT0_IRQHandler                   0x080003e3   Thumb Code     0  startup_stm32h743xx.o(.text)
    DFSDM1_FLT1_IRQHandler                   0x080003e3   Thumb Code     0  startup_stm32h743xx.o(.text)
    DFSDM1_FLT2_IRQHandler                   0x080003e3   Thumb Code     0  startup_stm32h743xx.o(.text)
    DFSDM1_FLT3_IRQHandler                   0x080003e3   Thumb Code     0  startup_stm32h743xx.o(.text)
    DMA1_Stream1_IRQHandler                  0x080003e3   Thumb Code     0  startup_stm32h743xx.o(.text)
    DMA1_Stream2_IRQHandler                  0x080003e3   Thumb Code     0  startup_stm32h743xx.o(.text)
    DMA1_Stream3_IRQHandler                  0x080003e3   Thumb Code     0  startup_stm32h743xx.o(.text)
    DMA1_Stream4_IRQHandler                  0x080003e3   Thumb Code     0  startup_stm32h743xx.o(.text)
    DMA1_Stream5_IRQHandler                  0x080003e3   Thumb Code     0  startup_stm32h743xx.o(.text)
    DMA1_Stream6_IRQHandler                  0x080003e3   Thumb Code     0  startup_stm32h743xx.o(.text)
    DMA1_Stream7_IRQHandler                  0x080003e3   Thumb Code     0  startup_stm32h743xx.o(.text)
    DMA2D_IRQHandler                         0x080003e3   Thumb Code     0  startup_stm32h743xx.o(.text)
    DMA2_Stream0_IRQHandler                  0x080003e3   Thumb Code     0  startup_stm32h743xx.o(.text)
    DMA2_Stream1_IRQHandler                  0x080003e3   Thumb Code     0  startup_stm32h743xx.o(.text)
    DMA2_Stream2_IRQHandler                  0x080003e3   Thumb Code     0  startup_stm32h743xx.o(.text)
    DMA2_Stream3_IRQHandler                  0x080003e3   Thumb Code     0  startup_stm32h743xx.o(.text)
    DMA2_Stream4_IRQHandler                  0x080003e3   Thumb Code     0  startup_stm32h743xx.o(.text)
    DMA2_Stream5_IRQHandler                  0x080003e3   Thumb Code     0  startup_stm32h743xx.o(.text)
    DMA2_Stream6_IRQHandler                  0x080003e3   Thumb Code     0  startup_stm32h743xx.o(.text)
    DMA2_Stream7_IRQHandler                  0x080003e3   Thumb Code     0  startup_stm32h743xx.o(.text)
    DMAMUX1_OVR_IRQHandler                   0x080003e3   Thumb Code     0  startup_stm32h743xx.o(.text)
    DMAMUX2_OVR_IRQHandler                   0x080003e3   Thumb Code     0  startup_stm32h743xx.o(.text)
    ECC_IRQHandler                           0x080003e3   Thumb Code     0  startup_stm32h743xx.o(.text)
    ETH_IRQHandler                           0x080003e3   Thumb Code     0  startup_stm32h743xx.o(.text)
    ETH_WKUP_IRQHandler                      0x080003e3   Thumb Code     0  startup_stm32h743xx.o(.text)
    EXTI0_IRQHandler                         0x080003e3   Thumb Code     0  startup_stm32h743xx.o(.text)
    EXTI1_IRQHandler                         0x080003e3   Thumb Code     0  startup_stm32h743xx.o(.text)
    EXTI2_IRQHandler                         0x080003e3   Thumb Code     0  startup_stm32h743xx.o(.text)
    EXTI3_IRQHandler                         0x080003e3   Thumb Code     0  startup_stm32h743xx.o(.text)
    EXTI4_IRQHandler                         0x080003e3   Thumb Code     0  startup_stm32h743xx.o(.text)
    EXTI9_5_IRQHandler                       0x080003e3   Thumb Code     0  startup_stm32h743xx.o(.text)
    FDCAN1_IT0_IRQHandler                    0x080003e3   Thumb Code     0  startup_stm32h743xx.o(.text)
    FDCAN1_IT1_IRQHandler                    0x080003e3   Thumb Code     0  startup_stm32h743xx.o(.text)
    FDCAN2_IT0_IRQHandler                    0x080003e3   Thumb Code     0  startup_stm32h743xx.o(.text)
    FDCAN2_IT1_IRQHandler                    0x080003e3   Thumb Code     0  startup_stm32h743xx.o(.text)
    FDCAN_CAL_IRQHandler                     0x080003e3   Thumb Code     0  startup_stm32h743xx.o(.text)
    FLASH_IRQHandler                         0x080003e3   Thumb Code     0  startup_stm32h743xx.o(.text)
    FMC_IRQHandler                           0x080003e3   Thumb Code     0  startup_stm32h743xx.o(.text)
    FPU_IRQHandler                           0x080003e3   Thumb Code     0  startup_stm32h743xx.o(.text)
    HRTIM1_FLT_IRQHandler                    0x080003e3   Thumb Code     0  startup_stm32h743xx.o(.text)
    HRTIM1_Master_IRQHandler                 0x080003e3   Thumb Code     0  startup_stm32h743xx.o(.text)
    HRTIM1_TIMA_IRQHandler                   0x080003e3   Thumb Code     0  startup_stm32h743xx.o(.text)
    HRTIM1_TIMB_IRQHandler                   0x080003e3   Thumb Code     0  startup_stm32h743xx.o(.text)
    HRTIM1_TIMC_IRQHandler                   0x080003e3   Thumb Code     0  startup_stm32h743xx.o(.text)
    HRTIM1_TIMD_IRQHandler                   0x080003e3   Thumb Code     0  startup_stm32h743xx.o(.text)
    HRTIM1_TIME_IRQHandler                   0x080003e3   Thumb Code     0  startup_stm32h743xx.o(.text)
    HSEM1_IRQHandler                         0x080003e3   Thumb Code     0  startup_stm32h743xx.o(.text)
    I2C1_ER_IRQHandler                       0x080003e3   Thumb Code     0  startup_stm32h743xx.o(.text)
    I2C1_EV_IRQHandler                       0x080003e3   Thumb Code     0  startup_stm32h743xx.o(.text)
    I2C2_ER_IRQHandler                       0x080003e3   Thumb Code     0  startup_stm32h743xx.o(.text)
    I2C2_EV_IRQHandler                       0x080003e3   Thumb Code     0  startup_stm32h743xx.o(.text)
    I2C3_ER_IRQHandler                       0x080003e3   Thumb Code     0  startup_stm32h743xx.o(.text)
    I2C3_EV_IRQHandler                       0x080003e3   Thumb Code     0  startup_stm32h743xx.o(.text)
    I2C4_ER_IRQHandler                       0x080003e3   Thumb Code     0  startup_stm32h743xx.o(.text)
    I2C4_EV_IRQHandler                       0x080003e3   Thumb Code     0  startup_stm32h743xx.o(.text)
    JPEG_IRQHandler                          0x080003e3   Thumb Code     0  startup_stm32h743xx.o(.text)
    LPTIM1_IRQHandler                        0x080003e3   Thumb Code     0  startup_stm32h743xx.o(.text)
    LPTIM2_IRQHandler                        0x080003e3   Thumb Code     0  startup_stm32h743xx.o(.text)
    LPTIM3_IRQHandler                        0x080003e3   Thumb Code     0  startup_stm32h743xx.o(.text)
    LPTIM4_IRQHandler                        0x080003e3   Thumb Code     0  startup_stm32h743xx.o(.text)
    LPTIM5_IRQHandler                        0x080003e3   Thumb Code     0  startup_stm32h743xx.o(.text)
    LPUART1_IRQHandler                       0x080003e3   Thumb Code     0  startup_stm32h743xx.o(.text)
    LTDC_ER_IRQHandler                       0x080003e3   Thumb Code     0  startup_stm32h743xx.o(.text)
    LTDC_IRQHandler                          0x080003e3   Thumb Code     0  startup_stm32h743xx.o(.text)
    MDIOS_IRQHandler                         0x080003e3   Thumb Code     0  startup_stm32h743xx.o(.text)
    MDIOS_WKUP_IRQHandler                    0x080003e3   Thumb Code     0  startup_stm32h743xx.o(.text)
    MDMA_IRQHandler                          0x080003e3   Thumb Code     0  startup_stm32h743xx.o(.text)
    OTG_FS_EP1_IN_IRQHandler                 0x080003e3   Thumb Code     0  startup_stm32h743xx.o(.text)
    OTG_FS_EP1_OUT_IRQHandler                0x080003e3   Thumb Code     0  startup_stm32h743xx.o(.text)
    OTG_FS_IRQHandler                        0x080003e3   Thumb Code     0  startup_stm32h743xx.o(.text)
    OTG_FS_WKUP_IRQHandler                   0x080003e3   Thumb Code     0  startup_stm32h743xx.o(.text)
    OTG_HS_EP1_IN_IRQHandler                 0x080003e3   Thumb Code     0  startup_stm32h743xx.o(.text)
    OTG_HS_EP1_OUT_IRQHandler                0x080003e3   Thumb Code     0  startup_stm32h743xx.o(.text)
    OTG_HS_IRQHandler                        0x080003e3   Thumb Code     0  startup_stm32h743xx.o(.text)
    OTG_HS_WKUP_IRQHandler                   0x080003e3   Thumb Code     0  startup_stm32h743xx.o(.text)
    QUADSPI_IRQHandler                       0x080003e3   Thumb Code     0  startup_stm32h743xx.o(.text)
    RCC_IRQHandler                           0x080003e3   Thumb Code     0  startup_stm32h743xx.o(.text)
    RNG_IRQHandler                           0x080003e3   Thumb Code     0  startup_stm32h743xx.o(.text)
    RTC_Alarm_IRQHandler                     0x080003e3   Thumb Code     0  startup_stm32h743xx.o(.text)
    RTC_WKUP_IRQHandler                      0x080003e3   Thumb Code     0  startup_stm32h743xx.o(.text)
    SAI1_IRQHandler                          0x080003e3   Thumb Code     0  startup_stm32h743xx.o(.text)
    SAI2_IRQHandler                          0x080003e3   Thumb Code     0  startup_stm32h743xx.o(.text)
    SAI3_IRQHandler                          0x080003e3   Thumb Code     0  startup_stm32h743xx.o(.text)
    SAI4_IRQHandler                          0x080003e3   Thumb Code     0  startup_stm32h743xx.o(.text)
    SDMMC1_IRQHandler                        0x080003e3   Thumb Code     0  startup_stm32h743xx.o(.text)
    SDMMC2_IRQHandler                        0x080003e3   Thumb Code     0  startup_stm32h743xx.o(.text)
    SPDIF_RX_IRQHandler                      0x080003e3   Thumb Code     0  startup_stm32h743xx.o(.text)
    SPI1_IRQHandler                          0x080003e3   Thumb Code     0  startup_stm32h743xx.o(.text)
    SPI2_IRQHandler                          0x080003e3   Thumb Code     0  startup_stm32h743xx.o(.text)
    SPI3_IRQHandler                          0x080003e3   Thumb Code     0  startup_stm32h743xx.o(.text)
    SPI4_IRQHandler                          0x080003e3   Thumb Code     0  startup_stm32h743xx.o(.text)
    SPI5_IRQHandler                          0x080003e3   Thumb Code     0  startup_stm32h743xx.o(.text)
    SPI6_IRQHandler                          0x080003e3   Thumb Code     0  startup_stm32h743xx.o(.text)
    SWPMI1_IRQHandler                        0x080003e3   Thumb Code     0  startup_stm32h743xx.o(.text)
    TAMP_STAMP_IRQHandler                    0x080003e3   Thumb Code     0  startup_stm32h743xx.o(.text)
    TIM15_IRQHandler                         0x080003e3   Thumb Code     0  startup_stm32h743xx.o(.text)
    TIM16_IRQHandler                         0x080003e3   Thumb Code     0  startup_stm32h743xx.o(.text)
    TIM17_IRQHandler                         0x080003e3   Thumb Code     0  startup_stm32h743xx.o(.text)
    TIM1_BRK_IRQHandler                      0x080003e3   Thumb Code     0  startup_stm32h743xx.o(.text)
    TIM1_CC_IRQHandler                       0x080003e3   Thumb Code     0  startup_stm32h743xx.o(.text)
    TIM1_TRG_COM_IRQHandler                  0x080003e3   Thumb Code     0  startup_stm32h743xx.o(.text)
    TIM1_UP_IRQHandler                       0x080003e3   Thumb Code     0  startup_stm32h743xx.o(.text)
    TIM2_IRQHandler                          0x080003e3   Thumb Code     0  startup_stm32h743xx.o(.text)
    TIM3_IRQHandler                          0x080003e3   Thumb Code     0  startup_stm32h743xx.o(.text)
    TIM4_IRQHandler                          0x080003e3   Thumb Code     0  startup_stm32h743xx.o(.text)
    TIM5_IRQHandler                          0x080003e3   Thumb Code     0  startup_stm32h743xx.o(.text)
    TIM6_DAC_IRQHandler                      0x080003e3   Thumb Code     0  startup_stm32h743xx.o(.text)
    TIM7_IRQHandler                          0x080003e3   Thumb Code     0  startup_stm32h743xx.o(.text)
    TIM8_BRK_TIM12_IRQHandler                0x080003e3   Thumb Code     0  startup_stm32h743xx.o(.text)
    TIM8_CC_IRQHandler                       0x080003e3   Thumb Code     0  startup_stm32h743xx.o(.text)
    TIM8_TRG_COM_TIM14_IRQHandler            0x080003e3   Thumb Code     0  startup_stm32h743xx.o(.text)
    TIM8_UP_TIM13_IRQHandler                 0x080003e3   Thumb Code     0  startup_stm32h743xx.o(.text)
    UART4_IRQHandler                         0x080003e3   Thumb Code     0  startup_stm32h743xx.o(.text)
    UART5_IRQHandler                         0x080003e3   Thumb Code     0  startup_stm32h743xx.o(.text)
    UART7_IRQHandler                         0x080003e3   Thumb Code     0  startup_stm32h743xx.o(.text)
    UART8_IRQHandler                         0x080003e3   Thumb Code     0  startup_stm32h743xx.o(.text)
    USART2_IRQHandler                        0x080003e3   Thumb Code     0  startup_stm32h743xx.o(.text)
    USART3_IRQHandler                        0x080003e3   Thumb Code     0  startup_stm32h743xx.o(.text)
    USART6_IRQHandler                        0x080003e3   Thumb Code     0  startup_stm32h743xx.o(.text)
    WAKEUP_PIN_IRQHandler                    0x080003e3   Thumb Code     0  startup_stm32h743xx.o(.text)
    WWDG_IRQHandler                          0x080003e3   Thumb Code     0  startup_stm32h743xx.o(.text)
    __user_initial_stackheap                 0x080003e5   Thumb Code     0  startup_stm32h743xx.o(.text)
    __aeabi_uldivmod                         0x08000411   Thumb Code     0  lludivv7m.o(.text)
    _ll_udiv                                 0x08000411   Thumb Code   240  lludivv7m.o(.text)
    _printf_int_dec                          0x08000501   Thumb Code   104  _printf_dec.o(.text)
    __aeabi_memclr4                          0x08000579   Thumb Code     0  rt_memclr_w.o(.text)
    __aeabi_memclr8                          0x08000579   Thumb Code     0  rt_memclr_w.o(.text)
    __rt_memclr_w                            0x08000579   Thumb Code     0  rt_memclr_w.o(.text)
    _memset_w                                0x0800057d   Thumb Code    74  rt_memclr_w.o(.text)
    __use_two_region_memory                  0x080005c7   Thumb Code     2  heapauxi.o(.text)
    __rt_heap_escrow                         0x080005c9   Thumb Code     2  heapauxi.o(.text)
    __rt_heap_expand                         0x080005cb   Thumb Code     2  heapauxi.o(.text)
    _printf_int_common                       0x080005cd   Thumb Code   178  _printf_intcommon.o(.text)
    _printf_fp_dec_real                      0x0800082f   Thumb Code   620  _printf_fp_dec.o(.text)
    __user_libspace                          0x08000a9d   Thumb Code     8  libspace.o(.text)
    __user_perproc_libspace                  0x08000a9d   Thumb Code     0  libspace.o(.text)
    __user_perthread_libspace                0x08000a9d   Thumb Code     0  libspace.o(.text)
    __rt_locale                              0x08000aa5   Thumb Code     8  rt_locale_intlibspace.o(.text)
    _ll_udiv10                               0x08000aad   Thumb Code   138  lludiv10.o(.text)
    _printf_fp_infnan                        0x08000b39   Thumb Code   112  _printf_fp_infnan.o(.text)
    _btod_etento                             0x08000bb9   Thumb Code   224  bigflt0.o(.text)
    __user_setup_stackheap                   0x08000c9d   Thumb Code    74  sys_stackheap_outer.o(.text)
    exit                                     0x08000ce7   Thumb Code    18  exit.o(.text)
    strcmp                                   0x08000cf9   Thumb Code   124  strcmpv7m_pel.o(.text)
    ADC_ConfigureBoostMode                   0x08000d79   Thumb Code   300  stm32h7xx_hal_adc.o(.text.ADC_ConfigureBoostMode)
    ADC_DMAConvCplt                          0x08000ea9   Thumb Code    94  stm32h7xx_hal_adc.o(.text.ADC_DMAConvCplt)
    ADC_DMAError                             0x08000f09   Thumb Code    22  stm32h7xx_hal_adc.o(.text.ADC_DMAError)
    ADC_DMAHalfConvCplt                      0x08000f21   Thumb Code     6  stm32h7xx_hal_adc.o(.text.ADC_DMAHalfConvCplt)
    ADC_Disable                              0x08000f29   Thumb Code   120  stm32h7xx_hal_adc.o(.text.ADC_Disable)
    ADC_Enable                               0x08000fa1   Thumb Code   170  stm32h7xx_hal_adc.o(.text.ADC_Enable)
    BusFault_Handler                         0x08001051   Thumb Code     2  stm32h7xx_it.o(.text.BusFault_Handler)
    DMA1_Stream0_IRQHandler                  0x08001059   Thumb Code    12  stm32h7xx_it.o(.text.DMA1_Stream0_IRQHandler)
    DebugMon_Handler                         0x08001499   Thumb Code     2  stm32h7xx_it.o(.text.DebugMon_Handler)
    EXTI15_10_IRQHandler                     0x080014a1   Thumb Code     8  stm32h7xx_it.o(.text.EXTI15_10_IRQHandler)
    Error_Handler                            0x080014a9   Thumb Code    10  main.o(.text.Error_Handler)
    ExitRun0Mode                             0x080014b9   Thumb Code    44  system_stm32h7xx.o(.text.ExitRun0Mode)
    FMC_SDRAM_Init                           0x080014e9   Thumb Code   134  stm32h7xx_ll_fmc.o(.text.FMC_SDRAM_Init)
    FMC_SDRAM_ProgramRefreshRate             0x08001571   Thumb Code    22  stm32h7xx_ll_fmc.o(.text.FMC_SDRAM_ProgramRefreshRate)
    FMC_SDRAM_SendCommand                    0x08001589   Thumb Code    46  stm32h7xx_ll_fmc.o(.text.FMC_SDRAM_SendCommand)
    FMC_SDRAM_Timing_Init                    0x080015b9   Thumb Code   218  stm32h7xx_ll_fmc.o(.text.FMC_SDRAM_Timing_Init)
    HAL_ADCEx_Calibration_Start              0x08001699   Thumb Code   216  stm32h7xx_hal_adc_ex.o(.text.HAL_ADCEx_Calibration_Start)
    HAL_ADCEx_MultiModeConfigChannel         0x08001771   Thumb Code   176  stm32h7xx_hal_adc_ex.o(.text.HAL_ADCEx_MultiModeConfigChannel)
    HAL_ADC_ConfigChannel                    0x08001821   Thumb Code  1264  stm32h7xx_hal_adc.o(.text.HAL_ADC_ConfigChannel)
    HAL_ADC_ConvCpltCallback                 0x08001d11   Thumb Code    34  bsp_adc.o(.text.HAL_ADC_ConvCpltCallback)
    HAL_ADC_ConvHalfCpltCallback             0x08001d39   Thumb Code     2  stm32h7xx_hal_adc.o(.text.HAL_ADC_ConvHalfCpltCallback)
    HAL_ADC_ErrorCallback                    0x08001d41   Thumb Code     2  stm32h7xx_hal_adc.o(.text.HAL_ADC_ErrorCallback)
    HAL_ADC_Init                             0x08001d49   Thumb Code   598  stm32h7xx_hal_adc.o(.text.HAL_ADC_Init)
    HAL_ADC_MspInit                          0x08001fa1   Thumb Code   174  adc.o(.text.HAL_ADC_MspInit)
    HAL_ADC_Start_DMA                        0x08002051   Thumb Code   272  stm32h7xx_hal_adc.o(.text.HAL_ADC_Start_DMA)
    HAL_DMA_Abort                            0x08002161   Thumb Code  1318  stm32h7xx_hal_dma.o(.text.HAL_DMA_Abort)
    HAL_DMA_Abort_IT                         0x08002689   Thumb Code   694  stm32h7xx_hal_dma.o(.text.HAL_DMA_Abort_IT)
    HAL_DMA_IRQHandler                       0x08002941   Thumb Code  2072  stm32h7xx_hal_dma.o(.text.HAL_DMA_IRQHandler)
    HAL_DMA_Init                             0x08003159   Thumb Code  1630  stm32h7xx_hal_dma.o(.text.HAL_DMA_Init)
    HAL_DMA_Start_IT                         0x080037b9   Thumb Code   938  stm32h7xx_hal_dma.o(.text.HAL_DMA_Start_IT)
    HAL_Delay                                0x08003b69   Thumb Code    40  stm32h7xx_hal.o(.text.HAL_Delay)
    HAL_GPIO_EXTI_Callback                   0x08003b91   Thumb Code     2  stm32h7xx_hal_gpio.o(.text.HAL_GPIO_EXTI_Callback)
    HAL_GPIO_EXTI_IRQHandler                 0x08003b99   Thumb Code    20  stm32h7xx_hal_gpio.o(.text.HAL_GPIO_EXTI_IRQHandler)
    HAL_GPIO_Init                            0x08003bb1   Thumb Code   422  stm32h7xx_hal_gpio.o(.text.HAL_GPIO_Init)
    HAL_GPIO_WritePin                        0x08003d59   Thumb Code    10  stm32h7xx_hal_gpio.o(.text.HAL_GPIO_WritePin)
    HAL_GetREVID                             0x08003d69   Thumb Code    14  stm32h7xx_hal.o(.text.HAL_GetREVID)
    HAL_GetTick                              0x08003d79   Thumb Code    12  stm32h7xx_hal.o(.text.HAL_GetTick)
    HAL_I2CEx_ConfigAnalogFilter             0x08003d89   Thumb Code    74  stm32h7xx_hal_i2c_ex.o(.text.HAL_I2CEx_ConfigAnalogFilter)
    HAL_I2CEx_ConfigDigitalFilter            0x08003dd9   Thumb Code    72  stm32h7xx_hal_i2c_ex.o(.text.HAL_I2CEx_ConfigDigitalFilter)
    HAL_I2C_Init                             0x08003e21   Thumb Code   176  stm32h7xx_hal_i2c.o(.text.HAL_I2C_Init)
    HAL_I2C_Mem_Write                        0x08003ed1   Thumb Code   560  stm32h7xx_hal_i2c.o(.text.HAL_I2C_Mem_Write)
    HAL_I2C_MspInit                          0x08004101   Thumb Code   146  i2c.o(.text.HAL_I2C_MspInit)
    HAL_IncTick                              0x08004199   Thumb Code    26  stm32h7xx_hal.o(.text.HAL_IncTick)
    HAL_Init                                 0x080041b9   Thumb Code   100  stm32h7xx_hal.o(.text.HAL_Init)
    HAL_InitTick                             0x08004221   Thumb Code    80  stm32h7xx_hal.o(.text.HAL_InitTick)
    HAL_MPU_ConfigRegion                     0x08004271   Thumb Code    94  stm32h7xx_hal_cortex.o(.text.HAL_MPU_ConfigRegion)
    HAL_MPU_Disable                          0x080042d1   Thumb Code    26  stm32h7xx_hal_cortex.o(.text.HAL_MPU_Disable)
    HAL_MPU_Enable                           0x080042f1   Thumb Code    32  stm32h7xx_hal_cortex.o(.text.HAL_MPU_Enable)
    HAL_MspInit                              0x08004311   Thumb Code    52  stm32h7xx_hal_msp.o(.text.HAL_MspInit)
    HAL_NVIC_EnableIRQ                       0x08004349   Thumb Code    34  stm32h7xx_hal_cortex.o(.text.HAL_NVIC_EnableIRQ)
    HAL_NVIC_SetPriority                     0x08004371   Thumb Code    90  stm32h7xx_hal_cortex.o(.text.HAL_NVIC_SetPriority)
    HAL_NVIC_SetPriorityGrouping             0x080043d1   Thumb Code    32  stm32h7xx_hal_cortex.o(.text.HAL_NVIC_SetPriorityGrouping)
    HAL_PWREx_AVDCallback                    0x080043f1   Thumb Code     2  stm32h7xx_hal_pwr_ex.o(.text.HAL_PWREx_AVDCallback)
    HAL_PWREx_ConfigSupply                   0x080043f9   Thumb Code    76  stm32h7xx_hal_pwr_ex.o(.text.HAL_PWREx_ConfigSupply)
    HAL_PWREx_PVD_AVD_IRQHandler             0x08004449   Thumb Code    90  stm32h7xx_hal_pwr_ex.o(.text.HAL_PWREx_PVD_AVD_IRQHandler)
    HAL_PWR_PVDCallback                      0x080044a9   Thumb Code     2  stm32h7xx_hal_pwr.o(.text.HAL_PWR_PVDCallback)
    HAL_RCCEx_GetD3PCLK1Freq                 0x080044b1   Thumb Code    38  stm32h7xx_hal_rcc_ex.o(.text.HAL_RCCEx_GetD3PCLK1Freq)
    HAL_RCCEx_GetPLL1ClockFreq               0x080044d9   Thumb Code   292  stm32h7xx_hal_rcc_ex.o(.text.HAL_RCCEx_GetPLL1ClockFreq)
    HAL_RCCEx_GetPLL2ClockFreq               0x08004611   Thumb Code   284  stm32h7xx_hal_rcc_ex.o(.text.HAL_RCCEx_GetPLL2ClockFreq)
    HAL_RCCEx_GetPLL3ClockFreq               0x08004741   Thumb Code   284  stm32h7xx_hal_rcc_ex.o(.text.HAL_RCCEx_GetPLL3ClockFreq)
    HAL_RCCEx_GetPeriphCLKFreq               0x08004871   Thumb Code  1022  stm32h7xx_hal_rcc_ex.o(.text.HAL_RCCEx_GetPeriphCLKFreq)
    HAL_RCCEx_PeriphCLKConfig                0x08004c71   Thumb Code  2828  stm32h7xx_hal_rcc_ex.o(.text.HAL_RCCEx_PeriphCLKConfig)
    HAL_RCC_ClockConfig                      0x08005781   Thumb Code   596  stm32h7xx_hal_rcc.o(.text.HAL_RCC_ClockConfig)
    HAL_RCC_GetHCLKFreq                      0x080059d9   Thumb Code    76  stm32h7xx_hal_rcc.o(.text.HAL_RCC_GetHCLKFreq)
    HAL_RCC_GetPCLK1Freq                     0x08005a29   Thumb Code    96  stm32h7xx_hal_rcc.o(.text.HAL_RCC_GetPCLK1Freq)
    HAL_RCC_GetPCLK2Freq                     0x08005a89   Thumb Code    96  stm32h7xx_hal_rcc.o(.text.HAL_RCC_GetPCLK2Freq)
    HAL_RCC_GetSysClockFreq                  0x08005ae9   Thumb Code   264  stm32h7xx_hal_rcc.o(.text.HAL_RCC_GetSysClockFreq)
    HAL_RCC_OscConfig                        0x08005c01   Thumb Code  1388  stm32h7xx_hal_rcc.o(.text.HAL_RCC_OscConfig)
    HAL_SDRAM_Init                           0x08006171   Thumb Code    80  stm32h7xx_hal_sdram.o(.text.HAL_SDRAM_Init)
    HAL_SDRAM_MspInit                        0x080061c1   Thumb Code   206  fmc.o(.text.HAL_SDRAM_MspInit)
    HAL_SDRAM_ProgramRefreshRate             0x08006291   Thumb Code    58  stm32h7xx_hal_sdram.o(.text.HAL_SDRAM_ProgramRefreshRate)
    HAL_SDRAM_SendCommand                    0x080062d1   Thumb Code    68  stm32h7xx_hal_sdram.o(.text.HAL_SDRAM_SendCommand)
    HAL_SYSTICK_Config                       0x08006319   Thumb Code    46  stm32h7xx_hal_cortex.o(.text.HAL_SYSTICK_Config)
    HAL_UARTEx_DisableFifoMode               0x08006349   Thumb Code    54  stm32h7xx_hal_uart_ex.o(.text.HAL_UARTEx_DisableFifoMode)
    HAL_UARTEx_RxEventCallback               0x08006381   Thumb Code     2  stm32h7xx_hal_uart.o(.text.HAL_UARTEx_RxEventCallback)
    HAL_UARTEx_RxFifoFullCallback            0x08006389   Thumb Code     2  stm32h7xx_hal_uart_ex.o(.text.HAL_UARTEx_RxFifoFullCallback)
    HAL_UARTEx_SetRxFifoThreshold            0x08006391   Thumb Code   140  stm32h7xx_hal_uart_ex.o(.text.HAL_UARTEx_SetRxFifoThreshold)
    HAL_UARTEx_SetTxFifoThreshold            0x08006421   Thumb Code   140  stm32h7xx_hal_uart_ex.o(.text.HAL_UARTEx_SetTxFifoThreshold)
    HAL_UARTEx_TxFifoEmptyCallback           0x080064b1   Thumb Code     2  stm32h7xx_hal_uart_ex.o(.text.HAL_UARTEx_TxFifoEmptyCallback)
    HAL_UARTEx_WakeupCallback                0x080064b9   Thumb Code     2  stm32h7xx_hal_uart_ex.o(.text.HAL_UARTEx_WakeupCallback)
    HAL_UART_ErrorCallback                   0x080064c1   Thumb Code     2  stm32h7xx_hal_uart.o(.text.HAL_UART_ErrorCallback)
    HAL_UART_GetState                        0x080064c9   Thumb Code    12  stm32h7xx_hal_uart.o(.text.HAL_UART_GetState)
    HAL_UART_IRQHandler                      0x080064d9   Thumb Code  1674  stm32h7xx_hal_uart.o(.text.HAL_UART_IRQHandler)
    HAL_UART_Init                            0x08006b69   Thumb Code   100  stm32h7xx_hal_uart.o(.text.HAL_UART_Init)
    HAL_UART_MspInit                         0x08006bd1   Thumb Code   162  usart.o(.text.HAL_UART_MspInit)
    HAL_UART_Receive_IT                      0x08006c79   Thumb Code   172  stm32h7xx_hal_uart.o(.text.HAL_UART_Receive_IT)
    HAL_UART_RxCpltCallback                  0x08006d29   Thumb Code   104  usart.o(.text.HAL_UART_RxCpltCallback)
    HAL_UART_TxCpltCallback                  0x08006d91   Thumb Code     2  stm32h7xx_hal_uart.o(.text.HAL_UART_TxCpltCallback)
    HardFault_Handler                        0x08006d99   Thumb Code     2  stm32h7xx_it.o(.text.HardFault_Handler)
    MX_ADC1_Init                             0x08007101   Thumb Code   176  adc.o(.text.MX_ADC1_Init)
    MX_DMA_Init                              0x080071b1   Thumb Code    52  dma.o(.text.MX_DMA_Init)
    MX_FMC_Init                              0x080071e9   Thumb Code   118  fmc.o(.text.MX_FMC_Init)
    MX_GPIO_Init                             0x08007261   Thumb Code   342  gpio.o(.text.MX_GPIO_Init)
    MX_I2C1_Init                             0x080073b9   Thumb Code   106  i2c.o(.text.MX_I2C1_Init)
    MX_USART1_UART_Init                      0x08007429   Thumb Code   142  usart.o(.text.MX_USART1_UART_Init)
    MemManage_Handler                        0x080074b9   Thumb Code     2  stm32h7xx_it.o(.text.MemManage_Handler)
    NMI_Handler                              0x080074c1   Thumb Code     2  stm32h7xx_it.o(.text.NMI_Handler)
    PVD_AVD_IRQHandler                       0x080074c9   Thumb Code     4  stm32h7xx_it.o(.text.PVD_AVD_IRQHandler)
    PendSV_Handler                           0x080074d1   Thumb Code     2  stm32h7xx_it.o(.text.PendSV_Handler)
    SDRAM_Initialization_Sequence            0x08007729   Thumb Code   192  fmc.o(.text.SDRAM_Initialization_Sequence)
    SVC_Handler                              0x080077e9   Thumb Code     2  stm32h7xx_it.o(.text.SVC_Handler)
    SysTick_Handler                          0x080077f1   Thumb Code     4  stm32h7xx_it.o(.text.SysTick_Handler)
    SystemClock_Config                       0x080077f9   Thumb Code   224  main.o(.text.SystemClock_Config)
    SystemInit                               0x080078d9   Thumb Code   238  system_stm32h7xx.o(.text.SystemInit)
    SystemInit_ExtMemCtl                     0x080079c9   Thumb Code   312  fmc.o(.text.SystemInit_ExtMemCtl)
    UART_AdvFeatureConfig                    0x08007b01   Thumb Code   224  stm32h7xx_hal_uart.o(.text.UART_AdvFeatureConfig)
    UART_CheckIdleState                      0x08007be1   Thumb Code   366  stm32h7xx_hal_uart.o(.text.UART_CheckIdleState)
    UART_SetConfig                           0x08008771   Thumb Code  1152  stm32h7xx_hal_uart.o(.text.UART_SetConfig)
    UART_Start_Receive_IT                    0x08008bf9   Thumb Code   628  stm32h7xx_hal_uart.o(.text.UART_Start_Receive_IT)
    UART_WaitOnFlagUntilTimeout              0x08008e71   Thumb Code   856  stm32h7xx_hal_uart.o(.text.UART_WaitOnFlagUntilTimeout)
    USART1_IRQHandler                        0x080091c9   Thumb Code    88  usart.o(.text.USART1_IRQHandler)
    UsageFault_Handler                       0x08009221   Thumb Code     2  stm32h7xx_it.o(.text.UsageFault_Handler)
    _sys_exit                                0x08009229   Thumb Code     2  usart.o(.text._sys_exit)
    adc_init                                 0x08009231   Thumb Code    50  bsp_adc.o(.text.adc_init)
    main                                     0x08009269   Thumb Code   694  main.o(.text.main)
    simply409_6khz                           0x08009521   Thumb Code    66  si5351.o(.text.simply409_6khz)
    _btod_d2e                                0x08009563   Thumb Code    62  btod.o(CL$$btod_d2e)
    _d2e_denorm_low                          0x080095a1   Thumb Code    70  btod.o(CL$$btod_d2e_denorm_low)
    _d2e_norm_op1                            0x080095e7   Thumb Code    96  btod.o(CL$$btod_d2e_norm_op1)
    __btod_div_common                        0x08009649   Thumb Code   696  btod.o(CL$$btod_div_common)
    _e2e                                     0x08009981   Thumb Code   220  btod.o(CL$$btod_e2e)
    _btod_ediv                               0x08009a5d   Thumb Code    42  btod.o(CL$$btod_ediv)
    _btod_emul                               0x08009a87   Thumb Code    42  btod.o(CL$$btod_emul)
    __btod_mult_common                       0x08009ab1   Thumb Code   580  btod.o(CL$$btod_mult_common)
    __ARM_fpclassify                         0x08009cf5   Thumb Code    48  fpclassify.o(i.__ARM_fpclassify)
    _get_lc_numeric                          0x08009d25   Thumb Code    44  lc_numeric_c.o(locale$$code)
    _fp_init                                 0x08009d51   Thumb Code    26  fpinit.o(x$fpl$fpinit)
    __fplib_config_fpu_vfp                   0x08009d69   Thumb Code     0  fpinit.o(x$fpl$fpinit)
    __fplib_config_pureend_doubles           0x08009d69   Thumb Code     0  fpinit.o(x$fpl$fpinit)
    _printf_fp_dec                           0x08009d6b   Thumb Code     4  printf1.o(x$fpl$printf1)
    __I$use$fp                               0x08009d6e   Number         0  usenofp.o(x$fpl$usenofp)
    D1CorePrescTable                         0x08009e10   Data          16  system_stm32h7xx.o(.rodata.D1CorePrescTable)
    UARTPrescTable                           0x08009e20   Data          24  stm32h7xx_hal_uart.o(.rodata.UARTPrescTable)
    si5351a409_6HZ                           0x08009e48   Data         344  si5351.o(.rodata.si5351a409_6HZ)
    Region$$Table$$Base                      0x08009fa0   Number         0  anon$$obj.o(Region$$Table)
    Region$$Table$$Limit                     0x08009fd0   Number         0  anon$$obj.o(Region$$Table)
    uwTickFreq                               0x24000000   Data           1  stm32h7xx_hal.o(.data..L_MergedGlobals)
    uwTickPrio                               0x24000004   Data           4  stm32h7xx_hal.o(.data..L_MergedGlobals)
    SystemCoreClock                          0x24000008   Data           4  system_stm32h7xx.o(.data..L_MergedGlobals)
    SystemD2Clock                            0x2400000c   Data           4  system_stm32h7xx.o(.data..L_MergedGlobals)
    __libspace_start                         0x24000010   Data          96  libspace.o(.bss)
    __temporary_stack_top$libspace           0x24000070   Data           0  libspace.o(.bss)
    command                                  0x24000070   Data          16  fmc.o(.bss..L_MergedGlobals)
    hsdram1                                  0x24000080   Data          52  fmc.o(.bss..L_MergedGlobals)
    aRxBuffer                                0x240000b4   Data           1  usart.o(.bss..L_MergedGlobals)
    USART_RX_STA                             0x240000b6   Data           2  usart.o(.bss..L_MergedGlobals)
    USART_RX_BUF                             0x240000b9   Data         200  usart.o(.bss.USART_RX_BUF)
    hadc1                                    0x24000184   Data         100  adc.o(.bss.hadc1)
    hdma_adc1                                0x240001e8   Data         120  adc.o(.bss.hdma_adc1)
    hi2c1                                    0x24000260   Data          84  i2c.o(.bss.hi2c1)
    huart1                                   0x240002b4   Data         148  usart.o(.bss.huart1)
    uwTick                                   0x24000348   Data           4  stm32h7xx_hal.o(.bss.uwTick)
    adc_ch                                   0xc0000000   Data       73752  bsp_adc.o(.RAM_SDRAM)
    adc1_fft_input                           0xc0012018   Data       32768  bsp_adc.o(.RAM_SDRAM)
    adc1_fft_output                          0xc001a018   Data       16384  bsp_adc.o(.RAM_SDRAM)
    dac_out_buf                              0xc001e018   Data       16384  bsp_adc.o(.RAM_SDRAM)
    adc1_window                              0xc0022018   Data       16384  bsp_adc.o(.RAM_SDRAM)
    adc2_window                              0xc0026018   Data       16384  bsp_adc.o(.RAM_SDRAM)
    adc3_window                              0xc002a018   Data       16384  bsp_adc.o(.RAM_SDRAM)
    adc2_fft_input                           0xc002e018   Data       32768  bsp_adc.o(.RAM_SDRAM)
    adc2_fft_output                          0xc0036018   Data       16384  bsp_adc.o(.RAM_SDRAM)
    adc3_fft_input                           0xc003a018   Data       32768  bsp_adc.o(.RAM_SDRAM)
    adc3_fft_output                          0xc0042018   Data       16384  bsp_adc.o(.RAM_SDRAM)



==============================================================================

Memory Map of the image

  Image Entry point : 0x08000299

  Load Region LR_IROM1 (Base: 0x08000000, Size: 0x00050018, Max: 0x00200000, ABSOLUTE, COMPRESSED[0x0000a8d4])

    Execution Region ER_IROM1 (Exec base: 0x08000000, Load base: 0x08000000, Size: 0x00009fec, Max: 0x00200000, ABSOLUTE)

    Exec Addr    Load Addr    Size         Type   Attr      Idx    E Section Name        Object

    0x08000000   0x08000000   0x00000298   Data   RO            3    RESET               startup_stm32h743xx.o
    0x08000298   0x08000298   0x00000008   Code   RO         3764  * !!!main             c_w.l(__main.o)
    0x080002a0   0x080002a0   0x0000005c   Code   RO         4189    !!!scatter          c_w.l(__scatter.o)
    0x080002fc   0x080002fc   0x0000003a   Code   RO         4187    !!dczerorl          c_w.l(__dczerorl.o)
    0x08000336   0x08000336   0x00000002   PAD
    0x08000338   0x08000338   0x0000001a   Code   RO         4193    !!handler_copy      c_w.l(__scatter_copy.o)
    0x08000352   0x08000352   0x00000002   PAD
    0x08000354   0x08000354   0x00000002   Code   RO         4190    !!handler_null      c_w.l(__scatter.o)
    0x08000356   0x08000356   0x00000002   PAD
    0x08000358   0x08000358   0x0000001c   Code   RO         4195    !!handler_zi        c_w.l(__scatter_zi.o)
    0x08000374   0x08000374   0x00000000   Code   RO         3742    .ARM.Collect$$_printf_percent$$00000000  c_w.l(_printf_percent.o)
    0x08000374   0x08000374   0x00000006   Code   RO         3741    .ARM.Collect$$_printf_percent$$00000003  c_w.l(_printf_f.o)
    0x0800037a   0x0800037a   0x00000006   Code   RO         3740    .ARM.Collect$$_printf_percent$$00000009  c_w.l(_printf_d.o)
    0x08000380   0x08000380   0x00000004   Code   RO         3883    .ARM.Collect$$_printf_percent$$00000017  c_w.l(_printf_percent_end.o)
    0x08000384   0x08000384   0x00000002   Code   RO         4124    .ARM.Collect$$libinit$$00000000  c_w.l(libinit.o)
    0x08000386   0x08000386   0x00000004   Code   RO         3886    .ARM.Collect$$libinit$$00000001  c_w.l(libinit2.o)
    0x0800038a   0x0800038a   0x00000000   Code   RO         3889    .ARM.Collect$$libinit$$00000004  c_w.l(libinit2.o)
    0x0800038a   0x0800038a   0x00000000   Code   RO         3891    .ARM.Collect$$libinit$$00000006  c_w.l(libinit2.o)
    0x0800038a   0x0800038a   0x00000000   Code   RO         3894    .ARM.Collect$$libinit$$0000000C  c_w.l(libinit2.o)
    0x0800038a   0x0800038a   0x00000000   Code   RO         3896    .ARM.Collect$$libinit$$0000000E  c_w.l(libinit2.o)
    0x0800038a   0x0800038a   0x00000000   Code   RO         3898    .ARM.Collect$$libinit$$00000010  c_w.l(libinit2.o)
    0x0800038a   0x0800038a   0x00000006   Code   RO         3899    .ARM.Collect$$libinit$$00000011  c_w.l(libinit2.o)
    0x08000390   0x08000390   0x00000000   Code   RO         3901    .ARM.Collect$$libinit$$00000013  c_w.l(libinit2.o)
    0x08000390   0x08000390   0x00000000   Code   RO         3903    .ARM.Collect$$libinit$$00000015  c_w.l(libinit2.o)
    0x08000390   0x08000390   0x00000000   Code   RO         3905    .ARM.Collect$$libinit$$00000017  c_w.l(libinit2.o)
    0x08000390   0x08000390   0x0000000a   Code   RO         3906    .ARM.Collect$$libinit$$00000018  c_w.l(libinit2.o)
    0x0800039a   0x0800039a   0x00000000   Code   RO         3907    .ARM.Collect$$libinit$$00000019  c_w.l(libinit2.o)
    0x0800039a   0x0800039a   0x00000000   Code   RO         3909    .ARM.Collect$$libinit$$0000001B  c_w.l(libinit2.o)
    0x0800039a   0x0800039a   0x00000000   Code   RO         3911    .ARM.Collect$$libinit$$0000001D  c_w.l(libinit2.o)
    0x0800039a   0x0800039a   0x00000000   Code   RO         3913    .ARM.Collect$$libinit$$0000001F  c_w.l(libinit2.o)
    0x0800039a   0x0800039a   0x00000000   Code   RO         3915    .ARM.Collect$$libinit$$00000021  c_w.l(libinit2.o)
    0x0800039a   0x0800039a   0x00000000   Code   RO         3917    .ARM.Collect$$libinit$$00000023  c_w.l(libinit2.o)
    0x0800039a   0x0800039a   0x00000000   Code   RO         3919    .ARM.Collect$$libinit$$00000025  c_w.l(libinit2.o)
    0x0800039a   0x0800039a   0x00000000   Code   RO         3921    .ARM.Collect$$libinit$$00000027  c_w.l(libinit2.o)
    0x0800039a   0x0800039a   0x00000000   Code   RO         3925    .ARM.Collect$$libinit$$0000002E  c_w.l(libinit2.o)
    0x0800039a   0x0800039a   0x00000000   Code   RO         3927    .ARM.Collect$$libinit$$00000030  c_w.l(libinit2.o)
    0x0800039a   0x0800039a   0x00000000   Code   RO         3929    .ARM.Collect$$libinit$$00000032  c_w.l(libinit2.o)
    0x0800039a   0x0800039a   0x00000000   Code   RO         3931    .ARM.Collect$$libinit$$00000034  c_w.l(libinit2.o)
    0x0800039a   0x0800039a   0x00000002   Code   RO         3932    .ARM.Collect$$libinit$$00000035  c_w.l(libinit2.o)
    0x0800039c   0x0800039c   0x00000002   Code   RO         4184    .ARM.Collect$$libshutdown$$00000000  c_w.l(libshutdown.o)
    0x0800039e   0x0800039e   0x00000000   Code   RO         4140    .ARM.Collect$$libshutdown$$00000002  c_w.l(libshutdown2.o)
    0x0800039e   0x0800039e   0x00000000   Code   RO         4142    .ARM.Collect$$libshutdown$$00000004  c_w.l(libshutdown2.o)
    0x0800039e   0x0800039e   0x00000000   Code   RO         4145    .ARM.Collect$$libshutdown$$00000007  c_w.l(libshutdown2.o)
    0x0800039e   0x0800039e   0x00000000   Code   RO         4148    .ARM.Collect$$libshutdown$$0000000A  c_w.l(libshutdown2.o)
    0x0800039e   0x0800039e   0x00000000   Code   RO         4150    .ARM.Collect$$libshutdown$$0000000C  c_w.l(libshutdown2.o)
    0x0800039e   0x0800039e   0x00000000   Code   RO         4153    .ARM.Collect$$libshutdown$$0000000F  c_w.l(libshutdown2.o)
    0x0800039e   0x0800039e   0x00000002   Code   RO         4154    .ARM.Collect$$libshutdown$$00000010  c_w.l(libshutdown2.o)
    0x080003a0   0x080003a0   0x00000000   Code   RO         3845    .ARM.Collect$$rtentry$$00000000  c_w.l(__rtentry.o)
    0x080003a0   0x080003a0   0x00000000   Code   RO         3999    .ARM.Collect$$rtentry$$00000002  c_w.l(__rtentry2.o)
    0x080003a0   0x080003a0   0x00000006   Code   RO         4011    .ARM.Collect$$rtentry$$00000004  c_w.l(__rtentry4.o)
    0x080003a6   0x080003a6   0x00000000   Code   RO         4001    .ARM.Collect$$rtentry$$00000009  c_w.l(__rtentry2.o)
    0x080003a6   0x080003a6   0x00000004   Code   RO         4002    .ARM.Collect$$rtentry$$0000000A  c_w.l(__rtentry2.o)
    0x080003aa   0x080003aa   0x00000000   Code   RO         4004    .ARM.Collect$$rtentry$$0000000C  c_w.l(__rtentry2.o)
    0x080003aa   0x080003aa   0x00000008   Code   RO         4005    .ARM.Collect$$rtentry$$0000000D  c_w.l(__rtentry2.o)
    0x080003b2   0x080003b2   0x00000002   Code   RO         4125    .ARM.Collect$$rtexit$$00000000  c_w.l(rtexit.o)
    0x080003b4   0x080003b4   0x00000000   Code   RO         4160    .ARM.Collect$$rtexit$$00000002  c_w.l(rtexit2.o)
    0x080003b4   0x080003b4   0x00000004   Code   RO         4161    .ARM.Collect$$rtexit$$00000003  c_w.l(rtexit2.o)
    0x080003b8   0x080003b8   0x00000006   Code   RO         4162    .ARM.Collect$$rtexit$$00000004  c_w.l(rtexit2.o)
    0x080003be   0x080003be   0x00000002   PAD
    0x080003c0   0x080003c0   0x00000050   Code   RO            4    .text               startup_stm32h743xx.o
    0x08000410   0x08000410   0x000000f0   Code   RO         3708    .text               c_w.l(lludivv7m.o)
    0x08000500   0x08000500   0x00000078   Code   RO         3718    .text               c_w.l(_printf_dec.o)
    0x08000578   0x08000578   0x0000004e   Code   RO         3760    .text               c_w.l(rt_memclr_w.o)
    0x080005c6   0x080005c6   0x00000006   Code   RO         3762    .text               c_w.l(heapauxi.o)
    0x080005cc   0x080005cc   0x000000b2   Code   RO         3875    .text               c_w.l(_printf_intcommon.o)
    0x0800067e   0x0800067e   0x0000041c   Code   RO         3877    .text               c_w.l(_printf_fp_dec.o)
    0x08000a9a   0x08000a9a   0x00000002   PAD
    0x08000a9c   0x08000a9c   0x00000008   Code   RO         3995    .text               c_w.l(libspace.o)
    0x08000aa4   0x08000aa4   0x00000008   Code   RO         4018    .text               c_w.l(rt_locale_intlibspace.o)
    0x08000aac   0x08000aac   0x0000008a   Code   RO         4033    .text               c_w.l(lludiv10.o)
    0x08000b36   0x08000b36   0x00000002   PAD
    0x08000b38   0x08000b38   0x00000080   Code   RO         4037    .text               c_w.l(_printf_fp_infnan.o)
    0x08000bb8   0x08000bb8   0x000000e4   Code   RO         4039    .text               c_w.l(bigflt0.o)
    0x08000c9c   0x08000c9c   0x0000004a   Code   RO         4093    .text               c_w.l(sys_stackheap_outer.o)
    0x08000ce6   0x08000ce6   0x00000012   Code   RO         4103    .text               c_w.l(exit.o)
    0x08000cf8   0x08000cf8   0x0000007c   Code   RO         4113    .text               c_w.l(strcmpv7m_pel.o)
    0x08000d74   0x08000d74   0x00000004   PAD
    0x08000d78   0x08000d78   0x0000012c   Code   RO          171    .text.ADC_ConfigureBoostMode  stm32h7xx_hal_adc.o
    0x08000ea4   0x08000ea4   0x00000004   PAD
    0x08000ea8   0x08000ea8   0x0000005e   Code   RO          197    .text.ADC_DMAConvCplt  stm32h7xx_hal_adc.o
    0x08000f06   0x08000f06   0x00000002   PAD
    0x08000f08   0x08000f08   0x00000016   Code   RO          201    .text.ADC_DMAError  stm32h7xx_hal_adc.o
    0x08000f1e   0x08000f1e   0x00000002   PAD
    0x08000f20   0x08000f20   0x00000006   Code   RO          199    .text.ADC_DMAHalfConvCplt  stm32h7xx_hal_adc.o
    0x08000f26   0x08000f26   0x00000002   PAD
    0x08000f28   0x08000f28   0x00000078   Code   RO          177    .text.ADC_Disable   stm32h7xx_hal_adc.o
    0x08000fa0   0x08000fa0   0x000000aa   Code   RO          183    .text.ADC_Enable    stm32h7xx_hal_adc.o
    0x0800104a   0x0800104a   0x00000006   PAD
    0x08001050   0x08001050   0x00000002   Code   RO          133    .text.BusFault_Handler  stm32h7xx_it.o
    0x08001052   0x08001052   0x00000006   PAD
    0x08001058   0x08001058   0x0000000c   Code   RO          147    .text.DMA1_Stream0_IRQHandler  stm32h7xx_it.o
    0x08001064   0x08001064   0x00000004   PAD
    0x08001068   0x08001068   0x00000128   Code   RO          522    .text.DMA_CalcBaseAndBitshift  stm32h7xx_hal_dma.o
    0x08001190   0x08001190   0x00000308   Code   RO          528    .text.DMA_SetConfig  stm32h7xx_hal_dma.o
    0x08001498   0x08001498   0x00000002   Code   RO          139    .text.DebugMon_Handler  stm32h7xx_it.o
    0x0800149a   0x0800149a   0x00000006   PAD
    0x080014a0   0x080014a0   0x00000008   Code   RO          149    .text.EXTI15_10_IRQHandler  stm32h7xx_it.o
    0x080014a8   0x080014a8   0x0000000a   Code   RO           19    .text.Error_Handler  main.o
    0x080014b2   0x080014b2   0x00000006   PAD
    0x080014b8   0x080014b8   0x0000002c   Code   RO         1423    .text.ExitRun0Mode  system_stm32h7xx.o
    0x080014e4   0x080014e4   0x00000004   PAD
    0x080014e8   0x080014e8   0x00000086   Code   RO         1142    .text.FMC_SDRAM_Init  stm32h7xx_ll_fmc.o
    0x0800156e   0x0800156e   0x00000002   PAD
    0x08001570   0x08001570   0x00000016   Code   RO         1154    .text.FMC_SDRAM_ProgramRefreshRate  stm32h7xx_ll_fmc.o
    0x08001586   0x08001586   0x00000002   PAD
    0x08001588   0x08001588   0x0000002e   Code   RO         1152    .text.FMC_SDRAM_SendCommand  stm32h7xx_ll_fmc.o
    0x080015b6   0x080015b6   0x00000002   PAD
    0x080015b8   0x080015b8   0x000000da   Code   RO         1144    .text.FMC_SDRAM_Timing_Init  stm32h7xx_ll_fmc.o
    0x08001692   0x08001692   0x00000006   PAD
    0x08001698   0x08001698   0x000000d8   Code   RO          233    .text.HAL_ADCEx_Calibration_Start  stm32h7xx_hal_adc_ex.o
    0x08001770   0x08001770   0x000000b0   Code   RO          283    .text.HAL_ADCEx_MultiModeConfigChannel  stm32h7xx_hal_adc_ex.o
    0x08001820   0x08001820   0x000004f0   Code   RO          217    .text.HAL_ADC_ConfigChannel  stm32h7xx_hal_adc.o
    0x08001d10   0x08001d10   0x00000022   Code   RO         3558    .text.HAL_ADC_ConvCpltCallback  bsp_adc.o
    0x08001d32   0x08001d32   0x00000006   PAD
    0x08001d38   0x08001d38   0x00000002   Code   RO          215    .text.HAL_ADC_ConvHalfCpltCallback  stm32h7xx_hal_adc.o
    0x08001d3a   0x08001d3a   0x00000006   PAD
    0x08001d40   0x08001d40   0x00000002   Code   RO          213    .text.HAL_ADC_ErrorCallback  stm32h7xx_hal_adc.o
    0x08001d42   0x08001d42   0x00000006   PAD
    0x08001d48   0x08001d48   0x00000256   Code   RO          167    .text.HAL_ADC_Init  stm32h7xx_hal_adc.o
    0x08001f9e   0x08001f9e   0x00000002   PAD
    0x08001fa0   0x08001fa0   0x000000ae   Code   RO           42    .text.HAL_ADC_MspInit  adc.o
    0x0800204e   0x0800204e   0x00000002   PAD
    0x08002050   0x08002050   0x00000110   Code   RO          195    .text.HAL_ADC_Start_DMA  stm32h7xx_hal_adc.o
    0x08002160   0x08002160   0x00000526   Code   RO          532    .text.HAL_DMA_Abort  stm32h7xx_hal_dma.o
    0x08002686   0x08002686   0x00000002   PAD
    0x08002688   0x08002688   0x000002b6   Code   RO          534    .text.HAL_DMA_Abort_IT  stm32h7xx_hal_dma.o
    0x0800293e   0x0800293e   0x00000002   PAD
    0x08002940   0x08002940   0x00000818   Code   RO          538    .text.HAL_DMA_IRQHandler  stm32h7xx_hal_dma.o
    0x08003158   0x08003158   0x0000065e   Code   RO          520    .text.HAL_DMA_Init  stm32h7xx_hal_dma.o
    0x080037b6   0x080037b6   0x00000002   PAD
    0x080037b8   0x080037b8   0x000003aa   Code   RO          530    .text.HAL_DMA_Start_IT  stm32h7xx_hal_dma.o
    0x08003b62   0x08003b62   0x00000006   PAD
    0x08003b68   0x08003b68   0x00000028   Code   RO          830    .text.HAL_Delay     stm32h7xx_hal.o
    0x08003b90   0x08003b90   0x00000002   Code   RO          480    .text.HAL_GPIO_EXTI_Callback  stm32h7xx_hal_gpio.o
    0x08003b92   0x08003b92   0x00000006   PAD
    0x08003b98   0x08003b98   0x00000014   Code   RO          478    .text.HAL_GPIO_EXTI_IRQHandler  stm32h7xx_hal_gpio.o
    0x08003bac   0x08003bac   0x00000004   PAD
    0x08003bb0   0x08003bb0   0x000001a6   Code   RO          466    .text.HAL_GPIO_Init  stm32h7xx_hal_gpio.o
    0x08003d56   0x08003d56   0x00000002   PAD
    0x08003d58   0x08003d58   0x0000000a   Code   RO          472    .text.HAL_GPIO_WritePin  stm32h7xx_hal_gpio.o
    0x08003d62   0x08003d62   0x00000006   PAD
    0x08003d68   0x08003d68   0x0000000e   Code   RO          838    .text.HAL_GetREVID  stm32h7xx_hal.o
    0x08003d76   0x08003d76   0x00000002   PAD
    0x08003d78   0x08003d78   0x0000000c   Code   RO          822    .text.HAL_GetTick   stm32h7xx_hal.o
    0x08003d84   0x08003d84   0x00000004   PAD
    0x08003d88   0x08003d88   0x0000004a   Code   RO         1070    .text.HAL_I2CEx_ConfigAnalogFilter  stm32h7xx_hal_i2c_ex.o
    0x08003dd2   0x08003dd2   0x00000006   PAD
    0x08003dd8   0x08003dd8   0x00000048   Code   RO         1072    .text.HAL_I2CEx_ConfigDigitalFilter  stm32h7xx_hal_i2c_ex.o
    0x08003e20   0x08003e20   0x000000b0   Code   RO          916    .text.HAL_I2C_Init  stm32h7xx_hal_i2c.o
    0x08003ed0   0x08003ed0   0x00000230   Code   RO          974    .text.HAL_I2C_Mem_Write  stm32h7xx_hal_i2c.o
    0x08004100   0x08004100   0x00000092   Code   RO           88    .text.HAL_I2C_MspInit  i2c.o
    0x08004192   0x08004192   0x00000006   PAD
    0x08004198   0x08004198   0x0000001a   Code   RO          820    .text.HAL_IncTick   stm32h7xx_hal.o
    0x080041b2   0x080041b2   0x00000006   PAD
    0x080041b8   0x080041b8   0x00000064   Code   RO          810    .text.HAL_Init      stm32h7xx_hal.o
    0x0800421c   0x0800421c   0x00000004   PAD
    0x08004220   0x08004220   0x00000050   Code   RO          812    .text.HAL_InitTick  stm32h7xx_hal.o
    0x08004270   0x08004270   0x0000005e   Code   RO          780    .text.HAL_MPU_ConfigRegion  stm32h7xx_hal_cortex.o
    0x080042ce   0x080042ce   0x00000002   PAD
    0x080042d0   0x080042d0   0x0000001a   Code   RO          772    .text.HAL_MPU_Disable  stm32h7xx_hal_cortex.o
    0x080042ea   0x080042ea   0x00000006   PAD
    0x080042f0   0x080042f0   0x00000020   Code   RO          774    .text.HAL_MPU_Enable  stm32h7xx_hal_cortex.o
    0x08004310   0x08004310   0x00000034   Code   RO          158    .text.HAL_MspInit   stm32h7xx_hal_msp.o
    0x08004344   0x08004344   0x00000004   PAD
    0x08004348   0x08004348   0x00000022   Code   RO          762    .text.HAL_NVIC_EnableIRQ  stm32h7xx_hal_cortex.o
    0x0800436a   0x0800436a   0x00000006   PAD
    0x08004370   0x08004370   0x0000005a   Code   RO          760    .text.HAL_NVIC_SetPriority  stm32h7xx_hal_cortex.o
    0x080043ca   0x080043ca   0x00000006   PAD
    0x080043d0   0x080043d0   0x00000020   Code   RO          758    .text.HAL_NVIC_SetPriorityGrouping  stm32h7xx_hal_cortex.o
    0x080043f0   0x080043f0   0x00000002   Code   RO          748    .text.HAL_PWREx_AVDCallback  stm32h7xx_hal_pwr_ex.o
    0x080043f2   0x080043f2   0x00000006   PAD
    0x080043f8   0x080043f8   0x0000004c   Code   RO          670    .text.HAL_PWREx_ConfigSupply  stm32h7xx_hal_pwr_ex.o
    0x08004444   0x08004444   0x00000004   PAD
    0x08004448   0x08004448   0x0000005a   Code   RO          746    .text.HAL_PWREx_PVD_AVD_IRQHandler  stm32h7xx_hal_pwr_ex.o
    0x080044a2   0x080044a2   0x00000006   PAD
    0x080044a8   0x080044a8   0x00000002   Code   RO          660    .text.HAL_PWR_PVDCallback  stm32h7xx_hal_pwr.o
    0x080044aa   0x080044aa   0x00000006   PAD
    0x080044b0   0x080044b0   0x00000026   Code   RO          353    .text.HAL_RCCEx_GetD3PCLK1Freq  stm32h7xx_hal_rcc_ex.o
    0x080044d6   0x080044d6   0x00000002   PAD
    0x080044d8   0x080044d8   0x00000134   Code   RO          347    .text.HAL_RCCEx_GetPLL1ClockFreq  stm32h7xx_hal_rcc_ex.o
    0x0800460c   0x0800460c   0x00000004   PAD
    0x08004610   0x08004610   0x0000012c   Code   RO          349    .text.HAL_RCCEx_GetPLL2ClockFreq  stm32h7xx_hal_rcc_ex.o
    0x0800473c   0x0800473c   0x00000004   PAD
    0x08004740   0x08004740   0x0000012c   Code   RO          351    .text.HAL_RCCEx_GetPLL3ClockFreq  stm32h7xx_hal_rcc_ex.o
    0x0800486c   0x0800486c   0x00000004   PAD
    0x08004870   0x08004870   0x000003fe   Code   RO          345    .text.HAL_RCCEx_GetPeriphCLKFreq  stm32h7xx_hal_rcc_ex.o
    0x08004c6e   0x08004c6e   0x00000002   PAD
    0x08004c70   0x08004c70   0x00000b0c   Code   RO          337    .text.HAL_RCCEx_PeriphCLKConfig  stm32h7xx_hal_rcc_ex.o
    0x0800577c   0x0800577c   0x00000004   PAD
    0x08005780   0x08005780   0x00000254   Code   RO          305    .text.HAL_RCC_ClockConfig  stm32h7xx_hal_rcc.o
    0x080059d4   0x080059d4   0x00000004   PAD
    0x080059d8   0x080059d8   0x0000004c   Code   RO          315    .text.HAL_RCC_GetHCLKFreq  stm32h7xx_hal_rcc.o
    0x08005a24   0x08005a24   0x00000004   PAD
    0x08005a28   0x08005a28   0x00000060   Code   RO          317    .text.HAL_RCC_GetPCLK1Freq  stm32h7xx_hal_rcc.o
    0x08005a88   0x08005a88   0x00000060   Code   RO          319    .text.HAL_RCC_GetPCLK2Freq  stm32h7xx_hal_rcc.o
    0x08005ae8   0x08005ae8   0x00000118   Code   RO          307    .text.HAL_RCC_GetSysClockFreq  stm32h7xx_hal_rcc.o
    0x08005c00   0x08005c00   0x0000056c   Code   RO          303    .text.HAL_RCC_OscConfig  stm32h7xx_hal_rcc.o
    0x0800616c   0x0800616c   0x00000004   PAD
    0x08006170   0x08006170   0x00000050   Code   RO         1171    .text.HAL_SDRAM_Init  stm32h7xx_hal_sdram.o
    0x080061c0   0x080061c0   0x000000ce   Code   RO           71    .text.HAL_SDRAM_MspInit  fmc.o
    0x0800628e   0x0800628e   0x00000002   PAD
    0x08006290   0x08006290   0x0000003a   Code   RO         1215    .text.HAL_SDRAM_ProgramRefreshRate  stm32h7xx_hal_sdram.o
    0x080062ca   0x080062ca   0x00000006   PAD
    0x080062d0   0x080062d0   0x00000044   Code   RO         1213    .text.HAL_SDRAM_SendCommand  stm32h7xx_hal_sdram.o
    0x08006314   0x08006314   0x00000004   PAD
    0x08006318   0x08006318   0x0000002e   Code   RO          770    .text.HAL_SYSTICK_Config  stm32h7xx_hal_cortex.o
    0x08006346   0x08006346   0x00000002   PAD
    0x08006348   0x08006348   0x00000036   Code   RO         1396    .text.HAL_UARTEx_DisableFifoMode  stm32h7xx_hal_uart_ex.o
    0x0800637e   0x0800637e   0x00000002   PAD
    0x08006380   0x08006380   0x00000002   Code   RO         1323    .text.HAL_UARTEx_RxEventCallback  stm32h7xx_hal_uart.o
    0x08006382   0x08006382   0x00000006   PAD
    0x08006388   0x08006388   0x00000002   Code   RO         1382    .text.HAL_UARTEx_RxFifoFullCallback  stm32h7xx_hal_uart_ex.o
    0x0800638a   0x0800638a   0x00000006   PAD
    0x08006390   0x08006390   0x0000008c   Code   RO         1400    .text.HAL_UARTEx_SetRxFifoThreshold  stm32h7xx_hal_uart_ex.o
    0x0800641c   0x0800641c   0x00000004   PAD
    0x08006420   0x08006420   0x0000008c   Code   RO         1398    .text.HAL_UARTEx_SetTxFifoThreshold  stm32h7xx_hal_uart_ex.o
    0x080064ac   0x080064ac   0x00000004   PAD
    0x080064b0   0x080064b0   0x00000002   Code   RO         1384    .text.HAL_UARTEx_TxFifoEmptyCallback  stm32h7xx_hal_uart_ex.o
    0x080064b2   0x080064b2   0x00000006   PAD
    0x080064b8   0x080064b8   0x00000002   Code   RO         1380    .text.HAL_UARTEx_WakeupCallback  stm32h7xx_hal_uart_ex.o
    0x080064ba   0x080064ba   0x00000006   PAD
    0x080064c0   0x080064c0   0x00000002   Code   RO         1321    .text.HAL_UART_ErrorCallback  stm32h7xx_hal_uart.o
    0x080064c2   0x080064c2   0x00000006   PAD
    0x080064c8   0x080064c8   0x0000000c   Code   RO         1351    .text.HAL_UART_GetState  stm32h7xx_hal_uart.o
    0x080064d4   0x080064d4   0x00000004   PAD
    0x080064d8   0x080064d8   0x0000068a   Code   RO         1317    .text.HAL_UART_IRQHandler  stm32h7xx_hal_uart.o
    0x08006b62   0x08006b62   0x00000006   PAD
    0x08006b68   0x08006b68   0x00000064   Code   RO         1233    .text.HAL_UART_Init  stm32h7xx_hal_uart.o
    0x08006bcc   0x08006bcc   0x00000004   PAD
    0x08006bd0   0x08006bd0   0x000000a2   Code   RO          107    .text.HAL_UART_MspInit  usart.o
    0x08006c72   0x08006c72   0x00000006   PAD
    0x08006c78   0x08006c78   0x000000ac   Code   RO         1269    .text.HAL_UART_Receive_IT  stm32h7xx_hal_uart.o
    0x08006d24   0x08006d24   0x00000004   PAD
    0x08006d28   0x08006d28   0x00000068   Code   RO          111    .text.HAL_UART_RxCpltCallback  usart.o
    0x08006d90   0x08006d90   0x00000002   Code   RO         1325    .text.HAL_UART_TxCpltCallback  stm32h7xx_hal_uart.o
    0x08006d92   0x08006d92   0x00000006   PAD
    0x08006d98   0x08006d98   0x00000002   Code   RO          129    .text.HardFault_Handler  stm32h7xx_it.o
    0x08006d9a   0x08006d9a   0x00000006   PAD
    0x08006da0   0x08006da0   0x00000160   Code   RO         1060    .text.I2C_IsErrorOccurred  stm32h7xx_hal_i2c.o
    0x08006f00   0x08006f00   0x000000e4   Code   RO          926    .text.I2C_WaitOnFlagUntilTimeout  stm32h7xx_hal_i2c.o
    0x08006fe4   0x08006fe4   0x00000004   PAD
    0x08006fe8   0x08006fe8   0x0000007c   Code   RO          930    .text.I2C_WaitOnSTOPFlagUntilTimeout  stm32h7xx_hal_i2c.o
    0x08007064   0x08007064   0x00000004   PAD
    0x08007068   0x08007068   0x00000098   Code   RO          928    .text.I2C_WaitOnTXISFlagUntilTimeout  stm32h7xx_hal_i2c.o
    0x08007100   0x08007100   0x000000b0   Code   RO           40    .text.MX_ADC1_Init  adc.o
    0x080071b0   0x080071b0   0x00000034   Code   RO           56    .text.MX_DMA_Init   dma.o
    0x080071e4   0x080071e4   0x00000004   PAD
    0x080071e8   0x080071e8   0x00000076   Code   RO           69    .text.MX_FMC_Init   fmc.o
    0x0800725e   0x0800725e   0x00000002   PAD
    0x08007260   0x08007260   0x00000156   Code   RO           31    .text.MX_GPIO_Init  gpio.o
    0x080073b6   0x080073b6   0x00000002   PAD
    0x080073b8   0x080073b8   0x0000006a   Code   RO           86    .text.MX_I2C1_Init  i2c.o
    0x08007422   0x08007422   0x00000006   PAD
    0x08007428   0x08007428   0x0000008e   Code   RO          105    .text.MX_USART1_UART_Init  usart.o
    0x080074b6   0x080074b6   0x00000002   PAD
    0x080074b8   0x080074b8   0x00000002   Code   RO          131    .text.MemManage_Handler  stm32h7xx_it.o
    0x080074ba   0x080074ba   0x00000006   PAD
    0x080074c0   0x080074c0   0x00000002   Code   RO          127    .text.NMI_Handler   stm32h7xx_it.o
    0x080074c2   0x080074c2   0x00000006   PAD
    0x080074c8   0x080074c8   0x00000004   Code   RO          145    .text.PVD_AVD_IRQHandler  stm32h7xx_it.o
    0x080074cc   0x080074cc   0x00000004   PAD
    0x080074d0   0x080074d0   0x00000002   Code   RO          141    .text.PendSV_Handler  stm32h7xx_it.o
    0x080074d2   0x080074d2   0x00000006   PAD
    0x080074d8   0x080074d8   0x00000122   Code   RO          339    .text.RCCEx_PLL2_Config  stm32h7xx_hal_rcc_ex.o
    0x080075fa   0x080075fa   0x00000006   PAD
    0x08007600   0x08007600   0x00000122   Code   RO          341    .text.RCCEx_PLL3_Config  stm32h7xx_hal_rcc_ex.o
    0x08007722   0x08007722   0x00000006   PAD
    0x08007728   0x08007728   0x000000c0   Code   RO           67    .text.SDRAM_Initialization_Sequence  fmc.o
    0x080077e8   0x080077e8   0x00000002   Code   RO          137    .text.SVC_Handler   stm32h7xx_it.o
    0x080077ea   0x080077ea   0x00000006   PAD
    0x080077f0   0x080077f0   0x00000004   Code   RO          143    .text.SysTick_Handler  stm32h7xx_it.o
    0x080077f4   0x080077f4   0x00000004   PAD
    0x080077f8   0x080077f8   0x000000e0   Code   RO           15    .text.SystemClock_Config  main.o
    0x080078d8   0x080078d8   0x000000ee   Code   RO         1419    .text.SystemInit    system_stm32h7xx.o
    0x080079c6   0x080079c6   0x00000002   PAD
    0x080079c8   0x080079c8   0x00000138   Code   RO           65    .text.SystemInit_ExtMemCtl  fmc.o
    0x08007b00   0x08007b00   0x000000e0   Code   RO         1237    .text.UART_AdvFeatureConfig  stm32h7xx_hal_uart.o
    0x08007be0   0x08007be0   0x0000016e   Code   RO         1241    .text.UART_CheckIdleState  stm32h7xx_hal_uart.o
    0x08007d4e   0x08007d4e   0x00000002   PAD
    0x08007d50   0x08007d50   0x0000000c   Code   RO         1319    .text.UART_DMAAbortOnError  stm32h7xx_hal_uart.o
    0x08007d5c   0x08007d5c   0x00000004   PAD
    0x08007d60   0x08007d60   0x000001c4   Code   RO         1359    .text.UART_RxISR_16BIT  stm32h7xx_hal_uart.o
    0x08007f24   0x08007f24   0x00000004   PAD
    0x08007f28   0x08007f28   0x0000033a   Code   RO         1355    .text.UART_RxISR_16BIT_FIFOEN  stm32h7xx_hal_uart.o
    0x08008262   0x08008262   0x00000006   PAD
    0x08008268   0x08008268   0x000001c8   Code   RO         1361    .text.UART_RxISR_8BIT  stm32h7xx_hal_uart.o
    0x08008430   0x08008430   0x0000033e   Code   RO         1357    .text.UART_RxISR_8BIT_FIFOEN  stm32h7xx_hal_uart.o
    0x0800876e   0x0800876e   0x00000002   PAD
    0x08008770   0x08008770   0x00000488   Code   RO         1239    .text.UART_SetConfig  stm32h7xx_hal_uart.o
    0x08008bf8   0x08008bf8   0x00000274   Code   RO         1271    .text.UART_Start_Receive_IT  stm32h7xx_hal_uart.o
    0x08008e6c   0x08008e6c   0x00000004   PAD
    0x08008e70   0x08008e70   0x00000358   Code   RO         1255    .text.UART_WaitOnFlagUntilTimeout  stm32h7xx_hal_uart.o
    0x080091c8   0x080091c8   0x00000058   Code   RO          113    .text.USART1_IRQHandler  usart.o
    0x08009220   0x08009220   0x00000002   Code   RO          135    .text.UsageFault_Handler  stm32h7xx_it.o
    0x08009222   0x08009222   0x00000006   PAD
    0x08009228   0x08009228   0x00000002   Code   RO          101    .text._sys_exit     usart.o
    0x0800922a   0x0800922a   0x00000006   PAD
    0x08009230   0x08009230   0x00000032   Code   RO         3560    .text.adc_init      bsp_adc.o
    0x08009262   0x08009262   0x00000006   PAD
    0x08009268   0x08009268   0x000002b6   Code   RO           13    .text.main          main.o
    0x0800951e   0x0800951e   0x00000002   PAD
    0x08009520   0x08009520   0x00000042   Code   RO         3527    .text.simply409_6khz  si5351.o
    0x08009562   0x08009562   0x0000003e   Code   RO         4042    CL$$btod_d2e        c_w.l(btod.o)
    0x080095a0   0x080095a0   0x00000046   Code   RO         4044    CL$$btod_d2e_denorm_low  c_w.l(btod.o)
    0x080095e6   0x080095e6   0x00000060   Code   RO         4043    CL$$btod_d2e_norm_op1  c_w.l(btod.o)
    0x08009646   0x08009646   0x00000002   PAD
    0x08009648   0x08009648   0x00000338   Code   RO         4052    CL$$btod_div_common  c_w.l(btod.o)
    0x08009980   0x08009980   0x000000dc   Code   RO         4049    CL$$btod_e2e        c_w.l(btod.o)
    0x08009a5c   0x08009a5c   0x0000002a   Code   RO         4046    CL$$btod_ediv       c_w.l(btod.o)
    0x08009a86   0x08009a86   0x0000002a   Code   RO         4045    CL$$btod_emul       c_w.l(btod.o)
    0x08009ab0   0x08009ab0   0x00000244   Code   RO         4051    CL$$btod_mult_common  c_w.l(btod.o)
    0x08009cf4   0x08009cf4   0x00000030   Code   RO         3953    i.__ARM_fpclassify  m_wv.l(fpclassify.o)
    0x08009d24   0x08009d24   0x0000002c   Code   RO         4071    locale$$code        c_w.l(lc_numeric_c.o)
    0x08009d50   0x08009d50   0x0000001a   Code   RO         4082    x$fpl$fpinit        fz_wv.l(fpinit.o)
    0x08009d6a   0x08009d6a   0x00000004   Code   RO         3766    x$fpl$printf1       fz_wv.l(printf1.o)
    0x08009d6e   0x08009d6e   0x00000000   Code   RO         3935    x$fpl$usenofp       fz_wv.l(usenofp.o)
    0x08009d6e   0x08009d6e   0x00000002   PAD
    0x08009d70   0x08009d70   0x00000094   Data   RO         4040    .constdata          c_w.l(bigflt0.o)
    0x08009e04   0x08009e04   0x00000006   Data   RO         1368    .rodata..Lswitch.table.UART_SetConfig.5  stm32h7xx_hal_uart.o
    0x08009e0a   0x08009e0a   0x00000006   Data   RO         1369    .rodata..Lswitch.table.UART_SetConfig.7  stm32h7xx_hal_uart.o
    0x08009e10   0x08009e10   0x00000010   Data   RO         1425    .rodata.D1CorePrescTable  system_stm32h7xx.o
    0x08009e20   0x08009e20   0x00000018   Data   RO         1367    .rodata.UARTPrescTable  stm32h7xx_hal_uart.o
    0x08009e38   0x08009e38   0x00000010   Data   RO         1410    .rodata.cst8        stm32h7xx_hal_uart_ex.o
    0x08009e48   0x08009e48   0x00000158   Data   RO         3537    .rodata.si5351a409_6HZ  si5351.o
    0x08009fa0   0x08009fa0   0x00000030   Data   RO         4186    Region$$Table       anon$$obj.o
    0x08009fd0   0x08009fd0   0x0000001c   Data   RO         4070    locale$$data        c_w.l(lc_numeric_c.o)


    Execution Region RW_IRAM1 (Exec base: 0x20000000, Load base: 0x08009fec, Size: 0x00000000, Max: 0x00020000, ABSOLUTE)

    **** No section assigned to this execution region ****


    Execution Region RW_IRAM2 (Exec base: 0x24000000, Load base: 0x08009ff0, Size: 0x00000950, Max: 0x00080000, ABSOLUTE)

    Exec Addr    Load Addr    Size         Type   Attr      Idx    E Section Name        Object

    0x24000000   0x08009ff0   0x00000008   Data   RW          907    .data..L_MergedGlobals  stm32h7xx_hal.o
    0x24000008   0x08009ff8   0x00000008   Data   RW         1426    .data..L_MergedGlobals  system_stm32h7xx.o
    0x24000010        -       0x00000060   Zero   RW         3996    .bss                c_w.l(libspace.o)
    0x24000070        -       0x00000044   Zero   RW           77    .bss..L_MergedGlobals  fmc.o
    0x240000b4        -       0x00000004   Zero   RW          118    .bss..L_MergedGlobals  usart.o
    0x240000b8        -       0x00000001   Zero   RW           75    .bss.FMC_Initialized  fmc.o
    0x240000b9        -       0x000000c8   Zero   RW          116    .bss.USART_RX_BUF   usart.o
    0x24000181   0x0800a000   0x00000003   PAD
    0x24000184        -       0x00000064   Zero   RW           46    .bss.hadc1          adc.o
    0x240001e8        -       0x00000078   Zero   RW           47    .bss.hdma_adc1      adc.o
    0x24000260        -       0x00000054   Zero   RW           92    .bss.hi2c1          i2c.o
    0x240002b4        -       0x00000094   Zero   RW          115    .bss.huart1         usart.o
    0x24000348        -       0x00000004   Zero   RW          906    .bss.uwTick         stm32h7xx_hal.o
    0x2400034c   0x0800a000   0x00000004   PAD
    0x24000350        -       0x00000200   Zero   RW            2    HEAP                startup_stm32h743xx.o
    0x24000550        -       0x00000400   Zero   RW            1    STACK               startup_stm32h743xx.o


    Execution Region RW_IRAM3 (Exec base: 0x30000000, Load base: 0x0800a000, Size: 0x00000000, Max: 0x00048000, ABSOLUTE)

    **** No section assigned to this execution region ****


    Execution Region RW_IRAM4 (Exec base: 0x38000000, Load base: 0x0800a000, Size: 0x00000000, Max: 0x00010000, ABSOLUTE)

    **** No section assigned to this execution region ****


    Execution Region RW_IRAM5 (Exec base: 0xc0000000, Load base: 0x0800a000, Size: 0x00046018, Max: 0x02000000, ABSOLUTE, UNINIT, COMPRESSED[0x000008d4])

    Exec Addr    Load Addr    Size         Type   Attr      Idx    E Section Name        Object

    0xc0000000   COMPRESSED   0x00046018   Data   RW         3565    .RAM_SDRAM          bsp_adc.o


==============================================================================

Image component sizes


      Code (inc. data)   RO Data    RW Data    ZI Data      Debug   Object Name

       350          0          0          0        220       7404   adc.o
        84          0          0     286744          0      11628   bsp_adc.o
        52          0          0          0          0       5439   dma.o
       828          0          0          0         69       8426   fmc.o
       342          0          0          0          0       6251   gpio.o
       252          0          0          0         84       8151   i2c.o
       928          0          0          0          0       9209   main.o
        66          0        344          0          0       4872   si5351.o
        80         34        664          0       1536        820   startup_stm32h743xx.o
       272          0          0          8          4      15003   stm32h7xx_hal.o
      2850         14          0          0          0      28120   stm32h7xx_hal_adc.o
       392          0          0          0          0      29968   stm32h7xx_hal_adc_ex.o
       354          0          0          0          0      12453   stm32h7xx_hal_cortex.o
      7724         12          0          0          0      17900   stm32h7xx_hal_dma.o
       454          0          0          0          0       6952   stm32h7xx_hal_gpio.o
      1592          0          0          0          0      64319   stm32h7xx_hal_i2c.o
       146          0          0          0          0       7543   stm32h7xx_hal_i2c_ex.o
        52          0          0          0          0       5473   stm32h7xx_hal_msp.o
         2          0          0          0          0       5202   stm32h7xx_hal_pwr.o
       168          0          0          0          0      10572   stm32h7xx_hal_pwr_ex.o
      2532         16          0          0          0      11655   stm32h7xx_hal_rcc.o
      5376        226          0          0          0      19865   stm32h7xx_hal_rcc_ex.o
       206          0          0          0          0      15815   stm32h7xx_hal_sdram.o
      7774        332         36          0          0      43067   stm32h7xx_hal_uart.o
       340          0         16          0          0      11463   stm32h7xx_hal_uart_ex.o
        44          0          0          0          0       3506   stm32h7xx_it.o
       420          0          0          0          0       9250   stm32h7xx_ll_fmc.o
       282          0         16          8          0       6200   system_stm32h7xx.o
       498          0          0          0        352      12581   usart.o

    ----------------------------------------------------------------------
     34874        646       1124     286760       2272     399107   Object Totals
         0          0         48          0          0          0   (incl. Generated)
       414         12          0          0          7          0   (incl. Padding)

    ----------------------------------------------------------------------

      Code (inc. data)   RO Data    RW Data    ZI Data      Debug   Library Member Name

        58          0          0          0          0          0   __dczerorl.o
         8          0          0          0          0         68   __main.o
         0          0          0          0          0          0   __rtentry.o
        12          0          0          0          0          0   __rtentry2.o
         6          0          0          0          0          0   __rtentry4.o
        94          8          0          0          0          0   __scatter.o
        26          0          0          0          0          0   __scatter_copy.o
        28          0          0          0          0          0   __scatter_zi.o
         6          0          0          0          0          0   _printf_d.o
       120         16          0          0          0         92   _printf_dec.o
         6          0          0          0          0          0   _printf_f.o
      1052          0          0          0          0        148   _printf_fp_dec.o
       128         16          0          0          0         84   _printf_fp_infnan.o
       178          0          0          0          0         88   _printf_intcommon.o
         0          0          0          0          0          0   _printf_percent.o
         4          0          0          0          0          0   _printf_percent_end.o
       228          4        148          0          0         96   bigflt0.o
      1936        128          0          0          0        668   btod.o
        18          0          0          0          0         80   exit.o
         6          0          0          0          0        152   heapauxi.o
        44         10         28          0          0         76   lc_numeric_c.o
         2          0          0          0          0          0   libinit.o
        22          0          0          0          0          0   libinit2.o
         2          0          0          0          0          0   libshutdown.o
         2          0          0          0          0          0   libshutdown2.o
         8          4          0          0         96         68   libspace.o
       138          0          0          0          0         80   lludiv10.o
       240          0          0          0          0        100   lludivv7m.o
         8          4          0          0          0         68   rt_locale_intlibspace.o
        78          0          0          0          0         80   rt_memclr_w.o
         2          0          0          0          0          0   rtexit.o
        10          0          0          0          0          0   rtexit2.o
       124          0          0          0          0         88   strcmpv7m_pel.o
        74          0          0          0          0         80   sys_stackheap_outer.o
        26          0          0          0          0        116   fpinit.o
         4          0          0          0          0        116   printf1.o
         0          0          0          0          0          0   usenofp.o
        48          0          0          0          0        124   fpclassify.o

    ----------------------------------------------------------------------
      4766        190        176          0         96       2472   Library Totals
        20          0          0          0          0          0   (incl. Padding)

    ----------------------------------------------------------------------

      Code (inc. data)   RO Data    RW Data    ZI Data      Debug   Library Name

      4668        190        176          0         96       2116   c_w.l
        30          0          0          0          0        232   fz_wv.l
        48          0          0          0          0        124   m_wv.l

    ----------------------------------------------------------------------
      4766        190        176          0         96       2472   Library Totals

    ----------------------------------------------------------------------

==============================================================================


      Code (inc. data)   RO Data    RW Data    ZI Data      Debug   

     39640        836       1300     286760       2368     400035   Grand Totals
     39640        836       1300       2276       2368     400035   ELF Image Totals (compressed)
     39640        836       1300       2276          0          0   ROM Totals

==============================================================================

    Total RO  Size (Code + RO Data)                40940 (  39.98kB)
    Total RW  Size (RW Data + ZI Data)            289128 ( 282.35kB)
    Total ROM Size (Code + RO Data + RW Data)      43216 (  42.20kB)

==============================================================================

