<html>
<body>
<pre>
<h1>µVision Build Log</h1>
<h2>Tool Versions:</h2>
IDE-Version: ¶ÃVision V5.41.0.0
Copyright (C) 2024 ARM Ltd and ARM Germany GmbH. All rights reserved.
License Information: A asus, AA, LIC=UJWP0-BFR8L-452T5-G9CLI-IKFDX-8TBUM
 
Tool Versions:
Toolchain:       MDK-ARM Plus  Version: 5.41.0.0
Toolchain Path:  D:\keil5\ARM\ARMCLANG\Bin
C Compiler:      ArmClang.exe V6.22
Assembler:       Armasm.exe V6.22
Linker/Locator:  ArmLink.exe V6.22
Library Manager: ArmAr.exe V6.22
Hex Converter:   FromElf.exe V6.22
CPU DLL:         SARMCM3.DLL V5.41.0.0
Dialog DLL:      DCM.DLL V1.17.5.0
Target DLL:      STLink\ST-LINKIII-KEIL_SWO.dll V3.3.0.0
Dialog DLL:      TCM.DLL V1.56.4.0
 
<h2>Project:</h2>
D:\32hal\DSPDemo\MDK-ARM\DSPDemo.uvprojx
Project File Date:  11/01/2025

<h2>Output:</h2>
*** Using Compiler 'V6.22', folder: 'D:\keil5\ARM\ARMCLANG\Bin'
Build target 'DSPDemo'
compiling gpio.c...
compiling usart.c...
compiling Upper.c...
compiling stm32h7xx_it.c...
compiling LMS_norm.c...
compiling main.c...
compiling spline.c...
compiling Midfilter.c...
../BSP/BSP_ADC.C(96): warning: incompatible pointer types passing 'uint16_t *' (aka 'unsigned short *') to parameter of type 'uint32_t *' (aka 'unsigned int *') [-Wincompatible-pointer-types]
   96 |                 arm_max_f32(adc1_fft_output,MAX_FFT_N/2,&result1,&index1);//‰∏ÄÊ¨°Ë∞êÊ≥¢
      |                                                                  ^~~~~~~
../DSPLIB/Include\dsp/statistics_functions.h(715): note: passing argument to parameter 'pIndex' here
  715 |         uint32_t * pIndex);
      |                    ^
../BSP/BSP_ADC.C(333): warning: incompatible pointer types passing 'float32_t *' (aka 'float *') to parameter of type 'uint32_t *' (aka 'unsigned int *') [-Wincompatible-pointer-types]
  333 |         arm_max_f32(&(*pscr),4096,&(*result),&(*index));
      |                                              ^~~~~~~~~
../DSPLIB/Include\dsp/statistics_functions.h(715): note: passing argument to parameter 'pIndex' here
  715 |         uint32_t * pIndex);
      |                    ^
2 warnings generated.
compiling BSP_ADC.C...
linking...
Program Size: Code=39640 RO-data=1300 RW-data=286760 ZI-data=2368  
FromELF: creating hex file...
"DSPDemo\DSPDemo.axf" - 0 Error(s), 2 Warning(s).

<h2>Software Packages used:</h2>

Package Vendor: ARM
                https://www.keil.com/pack/ARM.CMSIS.6.2.0.pack
                ARM::CMSIS@6.2.0
                CMSIS (Common Microcontroller Software Interface Standard)
   * Component: CORE Version: 6.1.1

Package Vendor: Keil
                https://www.keil.com/pack/Keil.STM32H7xx_DFP.4.1.0.pack
                Keil::STM32H7xx_DFP@4.1.0
                STMicroelectronics STM32H7 Series Device Support

<h2>Collection of Component include folders:</h2>
  ./RTE/_DSPDemo
  D:/keil5/ARM/PACK/ARM/CMSIS/6.2.0/CMSIS/Core/Include

<h2>Collection of Component Files used:</h2>

   * Component: ARM::CMSIS:CORE@6.1.1
      Include file:  CMSIS/Core/Include/tz_context.h
Build Time Elapsed:  00:00:01
</pre>
</body>
</html>
